Archive member included to satisfy reference by file (symbol)

c:/PROGRA~1/MICROC~1/xc32/v5.00/bin/bin/../../lib/gcc/pic32c/13.2.1/../../../../pic32c/lib/thumb/v6-m/nofp\libpic32c.a(data_init.o)
                              CMakeFiles/SZEN_PDU_0_1_default_default_XC32_compile.dir/C_/Users/forgi/MPLABProjects/SZEN_PDU_0.1/My_MCC_Config/src/config/default/startup_xc32.c.o (__pic32c_data_initialization)
c:/PROGRA~1/MICROC~1/xc32/v5.00/bin/bin/../../lib/gcc/pic32c/13.2.1/../../../../pic32c/lib/thumb/v6-m/nofp\libc-size-musl.a(memcpy.o)
                              CMakeFiles/SZEN_PDU_0_1_default_default_XC32_compile.dir/C_/Users/forgi/MPLABProjects/SZEN_PDU_0.1/My_MCC_Config/src/config/default/peripheral/can/plib_can0.c.o (memcpy)
c:/PROGRA~1/MICROC~1/xc32/v5.00/bin/bin/../../lib/gcc/pic32c/13.2.1/../../../../pic32c/lib/thumb/v6-m/nofp\libc-size-musl.a(memset.o)
                              CMakeFiles/SZEN_PDU_0_1_default_default_XC32_compile.dir/C_/Users/forgi/MPLABProjects/SZEN_PDU_0.1/My_MCC_Config/src/config/default/peripheral/can/plib_can0.c.o (memset)
c:/PROGRA~1/MICROC~1/xc32/v5.00/bin/bin/../../lib/gcc/pic32c/13.2.1/../../../../pic32c/lib/thumb/v6-m/nofp\libg-musl.a(__libc_start_main.o)
                              CMakeFiles/SZEN_PDU_0_1_default_default_XC32_compile.dir/C_/Users/forgi/MPLABProjects/SZEN_PDU_0.1/My_MCC_Config/src/config/default/startup_xc32.c.o (__libc_init_array)
c:/PROGRA~1/MICROC~1/xc32/v5.00/bin/bin/../../lib/gcc/pic32c/13.2.1/../../../../pic32c/lib/thumb/v6-m/nofp\libg-musl.a(libc.o)
                              c:/PROGRA~1/MICROC~1/xc32/v5.00/bin/bin/../../lib/gcc/pic32c/13.2.1/../../../../pic32c/lib/thumb/v6-m/nofp\libg-musl.a(__libc_start_main.o) (__progname_full)
c:/PROGRA~1/MICROC~1/xc32/v5.00/bin/bin/../../lib/gcc/pic32c/13.2.1/../../../../pic32c/lib/thumb/v6-m/nofp\libg-musl.a(stdin.o)
                              CMakeFiles/SZEN_PDU_0_1_default_default_XC32_compile.dir/C_/Users/forgi/MPLABProjects/SZEN_PDU_0.1/My_MCC_Config/src/config/default/initialization.c.o (_stdin)
c:/PROGRA~1/MICROC~1/xc32/v5.00/bin/bin/../../lib/gcc/pic32c/13.2.1/../../../../pic32c/lib/thumb/v6-m/nofp\libg-musl.a(stdout.o)
                              CMakeFiles/SZEN_PDU_0_1_default_default_XC32_compile.dir/C_/Users/forgi/MPLABProjects/SZEN_PDU_0.1/My_MCC_Config/src/config/default/initialization.c.o (_stdout)
c:/PROGRA~1/MICROC~1/xc32/v5.00/bin/bin/../../lib/gcc/pic32c/13.2.1/../../../../pic32c/lib/thumb/v6-m/nofp\libg-musl.a(setbuf.o)
                              CMakeFiles/SZEN_PDU_0_1_default_default_XC32_compile.dir/C_/Users/forgi/MPLABProjects/SZEN_PDU_0.1/My_MCC_Config/src/config/default/initialization.c.o (setbuf)
c:/PROGRA~1/MICROC~1/xc32/v5.00/bin/bin/../../lib/gcc/pic32c/13.2.1/../../../../pic32c/lib/thumb/v6-m/nofp\libg-musl.a(__environ.o)
                              c:/PROGRA~1/MICROC~1/xc32/v5.00/bin/bin/../../lib/gcc/pic32c/13.2.1/../../../../pic32c/lib/thumb/v6-m/nofp\libg-musl.a(__libc_start_main.o) (__environ)
c:/PROGRA~1/MICROC~1/xc32/v5.00/bin/bin/../../lib/gcc/pic32c/13.2.1/../../../../pic32c/lib/thumb/v6-m/nofp\libg-musl.a(__io_init_needed.o)
                              c:/PROGRA~1/MICROC~1/xc32/v5.00/bin/bin/../../lib/gcc/pic32c/13.2.1/../../../../pic32c/lib/thumb/v6-m/nofp\libg-musl.a(stdout.o) (__io_init_needed)
c:/PROGRA~1/MICROC~1/xc32/v5.00/bin/bin/../../lib/gcc/pic32c/13.2.1/../../../../pic32c/lib/thumb/v6-m/nofp\libg-musl.a(__io_rw_needed.o)
                              c:/PROGRA~1/MICROC~1/xc32/v5.00/bin/bin/../../lib/gcc/pic32c/13.2.1/../../../../pic32c/lib/thumb/v6-m/nofp\libg-musl.a(stdin.o) (__io_rw_needed)
c:/PROGRA~1/MICROC~1/xc32/v5.00/bin/bin/../../lib/gcc/pic32c/13.2.1/../../../../pic32c/lib/thumb/v6-m/nofp\libg-musl.a(__stdio_read.o)
                              c:/PROGRA~1/MICROC~1/xc32/v5.00/bin/bin/../../lib/gcc/pic32c/13.2.1/../../../../pic32c/lib/thumb/v6-m/nofp\libg-musl.a(stdin.o) (__stdio_read)
c:/PROGRA~1/MICROC~1/xc32/v5.00/bin/bin/../../lib/gcc/pic32c/13.2.1/../../../../pic32c/lib/thumb/v6-m/nofp\libg-musl.a(__towrite_rw.o)
                              c:/PROGRA~1/MICROC~1/xc32/v5.00/bin/bin/../../lib/gcc/pic32c/13.2.1/../../../../pic32c/lib/thumb/v6-m/nofp\libg-musl.a(__io_rw_needed.o) (__towrite_rw_needed)
c:/PROGRA~1/MICROC~1/xc32/v5.00/bin/bin/../../lib/gcc/pic32c/13.2.1/../../../../pic32c/lib/thumb/v6-m/nofp\libg-musl.a(setvbuf.o)
                              c:/PROGRA~1/MICROC~1/xc32/v5.00/bin/bin/../../lib/gcc/pic32c/13.2.1/../../../../pic32c/lib/thumb/v6-m/nofp\libg-musl.a(setbuf.o) (setvbuf)
c:/PROGRA~1/MICROC~1/xc32/v5.00/bin/bin/../../lib/gcc/pic32c/13.2.1/../../../../pic32c/lib/thumb/v6-m/nofp\libg-musl.a(readv.o)
                              c:/PROGRA~1/MICROC~1/xc32/v5.00/bin/bin/../../lib/gcc/pic32c/13.2.1/../../../../pic32c/lib/thumb/v6-m/nofp\libg-musl.a(__stdio_read.o) (readv)
c:/PROGRA~1/MICROC~1/xc32/v5.00/bin/bin/../../lib/gcc/pic32c/13.2.1/../../../../pic32c/lib/thumb/v6-m/nofp\libg-musl.a(__fopen_rw.o)
[...]
Memory Configuration

Name             Origin             Length             Attributes
rom              0x00000000         0x00080000         xrl
ram              0x20000000         0x00010000         xw!r
config_00804000  0x00804000         0x00000004
config_00804004  0x00804004         0x00000004
*default*        0x00000000         0xffffffff

Linker script and memory map

LOAD c:/PROGRA~1/MICROC~1/xc32/v5.00/bin/bin/../../lib/gcc/pic32c/13.2.1/thumb/v6-m/nofp/crti.o
LOAD c:/PROGRA~1/MICROC~1/xc32/v5.00/bin/bin/../../lib/gcc/pic32c/13.2.1/thumb/v6-m/nofp/crtbegin.o
                0x00000001                        __MPLAB_BUILD = 0x1
                0x00080000                        __rom_end = (ORIGIN (rom) + LENGTH (rom))
                0x20010000                        __ram_end = (ORIGIN (ram) + LENGTH (ram))

.config_00804000
                0x00804000        0x4
 *(.config_00804000)
 .config_00804000
                0x00804000        0x4 CMakeFiles/SZEN_PDU_0_1_default_default_XC32_compile.dir/C_/Users/forgi/MPLABProjects/SZEN_PDU_0.1/My_MCC_Config/src/config/default/initialization.c.o
                0x00804000                __config_00804000

.config_00804004
                0x00804004        0x4
 *(.config_00804004)
 .config_00804004
                0x00804004        0x4 CMakeFiles/SZEN_PDU_0_1_default_default_XC32_compile.dir/C_/Users/forgi/MPLABProjects/SZEN_PDU_0.1/My_MCC_Config/src/config/default/initialization.c.o
                0x00804004                __config_00804004

.vectors        0x00000000       0xc0
                0x00000000                        . = ALIGN (0x4)
                0x00000000                        _sfixed = .
 *(.vectors .vectors.* .vectors_default .vectors_default.*)
 .vectors       0x00000000       0xc0 CMakeFiles/SZEN_PDU_0_1_default_default_XC32_compile.dir/C_/Users/forgi/MPLABProjects/SZEN_PDU_0.1/My_MCC_Config/src/config/default/interrupts.c.o
                0x00000000                exception_table
 *(.isr_vector)
 *(.reset*)
 *(.after_vectors)

.text           0x000000c0       0x20
                0x000000c0                        . = ALIGN (0x4)
 *(.glue_7t)
 .glue_7t       0x000000c0        0x0 linker stubs
 *(.glue_7)
 .glue_7        0x000000c0        0x0 linker stubs
 *(.gnu.linkonce.r.*)
 *(.ARM.extab* .gnu.linkonce.armextab.*)
                0x000000c0                        . = ALIGN (0x4)
 *(.init)
 .init          0x000000c0        0x4 c:/PROGRA~1/MICROC~1/xc32/v5.00/bin/bin/../../lib/gcc/pic32c/13.2.1/thumb/v6-m/nofp/crti.o
                0x000000c0                _init
 .init          0x000000c4        0x8 c:/PROGRA~1/MICROC~1/xc32/v5.00/bin/bin/../../lib/gcc/pic32c/13.2.1/thumb/v6-m/nofp/crtn.o
                0x000000cc                        . = ALIGN (0x4)
                0x000000cc                        __preinit_array_start = .
 *(.preinit_array)
                0x000000cc                        __preinit_array_end = .
                0x000000cc                        . = ALIGN (0x4)
                0x000000cc                        __init_array_start = .
 *(SORT_BY_NAME(.init_array.*))
 *(.init_array)
 .init_array    0x000000cc        0x4 c:/PROGRA~1/MICROC~1/xc32/v5.00/bin/bin/../../lib/gcc/pic32c/13.2.1/thumb/v6-m/nofp/crtbegin.o
                0x000000d0                        __init_array_end = .
                0x000000d0                        . = ALIGN (0x4)
 *crtbegin.o(.ctors)
 *(EXCLUDE_FILE(*crtend.o) .ctors)
 *(SORT_BY_NAME(.ctors.*))
 *crtend.o(.ctors)
                0x000000d0                        . = ALIGN (0x4)
 *(.fini)
 .fini          0x000000d0        0x4 c:/PROGRA~1/MICROC~1/xc32/v5.00/bin/bin/../../lib/gcc/pic32c/13.2.1/thumb/v6-m/nofp/crti.o
                0x000000d0                _fini
 .fini          0x000000d4        0x8 c:/PROGRA~1/MICROC~1/xc32/v5.00/bin/bin/../../lib/gcc/pic32c/13.2.1/thumb/v6-m/nofp/crtn.o
                0x000000dc                        . = ALIGN (0x4)
                0x000000dc                        __fini_array_start = .
 *(.fini_array)
 .fini_array    0x000000dc        0x4 c:/PROGRA~1/MICROC~1/xc32/v5.00/bin/bin/../../lib/gcc/pic32c/13.2.1/thumb/v6-m/nofp/crtbegin.o
 *(SORT_BY_NAME(.fini_array.*))
                0x000000e0                        __fini_array_end = .
 *crtbegin.o(.dtors)
 *(EXCLUDE_FILE(*crtend.o) .dtors)
 *(SORT_BY_NAME(.dtors.*))
 *crtend.o(.dtors)
                0x000000e0                        . = ALIGN (0x4)
                0x000000e0                        _efixed = .
                [!provide]                        PROVIDE (__exidx_start = .)

.ARM.exidx
 *(.ARM.exidx* .gnu.linkonce.armexidx.*)
                [!provide]                        PROVIDE (__exidx_end = .)
                0x000000e0                        . = ALIGN (0x4)
                0x000000e0                        _etext = .

.bss            0x20000000        0x0
                0x20000000                        . = ALIGN (0x4)
                0x20000000                        __bss_start__ = .
                0x20000000                        _sbss = .
                0x20000000                        _szero = .
 *(COMMON)
                0x20000000                        . = ALIGN (0x4)
                0x20000000                        __bss_end__ = .
                0x20000000                        _ebss = .
                0x20000000                        _ezero = .
                0x20000000                        . = ALIGN (0x4)
                0x20000000                        _end = .
                0x2000ffff                        _ram_end_ = ((ORIGIN (ram) + LENGTH (ram)) - 0x1)
                0x00000001                        __MPLAB_DEBUG = 0x1
                0x00000001                        __DEBUG = 0x1
                0x00000200                        _min_heap_size = 0x200
LOAD CMakeFiles/SZEN_PDU_0_1_default_default_XC32_compile.dir/C_/Users/forgi/MPLABProjects/SZEN_PDU_0.1/My_MCC_Config/src/config/default/exceptions.c.o
LOAD CMakeFiles/SZEN_PDU_0_1_default_default_XC32_compile.dir/C_/Users/forgi/MPLABProjects/SZEN_PDU_0.1/My_MCC_Config/src/config/default/initialization.c.o
LOAD CMakeFiles/SZEN_PDU_0_1_default_default_XC32_compile.dir/C_/Users/forgi/MPLABProjects/SZEN_PDU_0.1/My_MCC_Config/src/config/default/interrupts.c.o
LOAD CMakeFiles/SZEN_PDU_0_1_default_default_XC32_compile.dir/C_/Users/forgi/MPLABProjects/SZEN_PDU_0.1/My_MCC_Config/src/config/default/libc_syscalls.c.o
LOAD CMakeFiles/SZEN_PDU_0_1_default_default_XC32_compile.dir/C_/Users/forgi/MPLABProjects/SZEN_PDU_0.1/My_MCC_Config/src/config/default/peripheral/adc/plib_adc0.c.o
LOAD CMakeFiles/SZEN_PDU_0_1_default_default_XC32_compile.dir/C_/Users/forgi/MPLABProjects/SZEN_PDU_0.1/My_MCC_Config/src/config/default/peripheral/adc/plib_adc1.c.o
LOAD CMakeFiles/SZEN_PDU_0_1_default_default_XC32_compile.dir/C_/Users/forgi/MPLABProjects/SZEN_PDU_0.1/My_MCC_Config/src/config/default/peripheral/can/plib_can0.c.o
LOAD CMakeFiles/SZEN_PDU_0_1_default_default_XC32_compile.dir/C_/Users/forgi/MPLABProjects/SZEN_PDU_0.1/My_MCC_Config/src/config/default/peripheral/can/plib_can1.c.o
LOAD CMakeFiles/SZEN_PDU_0_1_default_default_XC32_compile.dir/C_/Users/forgi/MPLABProjects/SZEN_PDU_0.1/My_MCC_Config/src/config/default/peripheral/clock/plib_clock.c.o
LOAD CMakeFiles/SZEN_PDU_0_1_default_default_XC32_compile.dir/C_/Users/forgi/MPLABProjects/SZEN_PDU_0.1/My_MCC_Config/src/config/default/peripheral/evsys/plib_evsys.c.o
LOAD CMakeFiles/SZEN_PDU_0_1_default_default_XC32_compile.dir/C_/Users/forgi/MPLABProjects/SZEN_PDU_0.1/My_MCC_Config/src/config/default/peripheral/nvic/plib_nvic.c.o
LOAD CMakeFiles/SZEN_PDU_0_1_default_default_XC32_compile.dir/C_/Users/forgi/MPLABProjects/SZEN_PDU_0.1/My_MCC_Config/src/config/default/peripheral/nvmctrl/plib_nvmctrl.c.o
LOAD CMakeFiles/SZEN_PDU_0_1_default_default_XC32_compile.dir/C_/Users/forgi/MPLABProjects/SZEN_PDU_0.1/My_MCC_Config/src/config/default/peripheral/port/plib_port.c.o
LOAD CMakeFiles/SZEN_PDU_0_1_default_default_XC32_compile.dir/e00de987e94e93d9f6e23d284cbe55ab/src/config/default/peripheral/sercom/i2c_master/plib_sercom1_i2c_master.c.o
LOAD CMakeFiles/SZEN_PDU_0_1_default_default_XC32_compile.dir/C_/Users/forgi/MPLABProjects/SZEN_PDU_0.1/My_MCC_Config/src/config/default/peripheral/systick/plib_systick.c.o
LOAD CMakeFiles/SZEN_PDU_0_1_default_default_XC32_compile.dir/C_/Users/forgi/MPLABProjects/SZEN_PDU_0.1/My_MCC_Config/src/config/default/peripheral/tc/plib_tc0.c.o
LOAD CMakeFiles/SZEN_PDU_0_1_default_default_XC32_compile.dir/C_/Users/forgi/MPLABProjects/SZEN_PDU_0.1/My_MCC_Config/src/config/default/startup_xc32.c.o
LOAD CMakeFiles/SZEN_PDU_0_1_default_default_XC32_compile.dir/C_/Users/forgi/MPLABProjects/SZEN_PDU_0.1/My_MCC_Config/src/config/default/stdio/xc32_monitor.c.o
LOAD CMakeFiles/SZEN_PDU_0_1_default_default_XC32_compile.dir/C_/Users/forgi/MPLABProjects/SZEN_PDU_0.1/My_MCC_Config/src/linear11.c.o
LOAD CMakeFiles/SZEN_PDU_0_1_default_default_XC32_compile.dir/C_/Users/forgi/MPLABProjects/SZEN_PDU_0.1/My_MCC_Config/src/main.c.o
LOAD CMakeFiles/SZEN_PDU_0_1_default_default_XC32_compile.dir/C_/Users/forgi/MPLABProjects/SZEN_PDU_0.1/My_MCC_Config/src/pmbus.c.o
LOAD CMakeFiles/SZEN_PDU_0_1_default_default_XC32_compile.dir/C_/Users/forgi/MPLABProjects/SZEN_PDU_0.1/My_MCC_Config/src/tps25990.c.o
START GROUP
LOAD c:/PROGRA~1/MICROC~1/xc32/v5.00/bin/bin/../../lib/gcc/pic32c/13.2.1/../../../../pic32c/lib/thumb/v6-m/nofp\libpic32c.a
LOAD c:/PROGRA~1/MICROC~1/xc32/v5.00/bin/bin/../../lib/gcc/pic32c/13.2.1/../../../../pic32c/lib/thumb/v6-m/nofp\libc-size-musl.a
LOAD c:/PROGRA~1/MICROC~1/xc32/v5.00/bin/bin/../../lib/gcc/pic32c/13.2.1/../../../../pic32c/lib/thumb/v6-m/nofp\liblmalloc-musl.a
LOAD c:/PROGRA~1/MICROC~1/xc32/v5.00/bin/bin/../../lib/gcc/pic32c/13.2.1/../../../../pic32c/lib/thumb/v6-m/nofp\libg-musl.a
LOAD c:/PROGRA~1/MICROC~1/xc32/v5.00/bin/bin/../../lib/gcc/pic32c/13.2.1/../../../../pic32c/lib/thumb/v6-m/nofp\libc-musl.a
LOAD c:/PROGRA~1/MICROC~1/xc32/v5.00/bin/bin/../../lib/gcc/pic32c/13.2.1/../../../../pic32c/lib/thumb/v6-m/nofp\libm-fast-emfloat.a
LOAD c:/PROGRA~1/MICROC~1/xc32/v5.00/bin/bin/../../lib/gcc/pic32c/13.2.1/../../../../pic32c/lib/thumb/v6-m/nofp\libm-musl.a
END GROUP
LOAD c:/PROGRA~1/MICROC~1/xc32/v5.00/bin/bin/../../lib/gcc/pic32c/13.2.1/thumb/v6-m/nofp\libgcc.a
LOAD c:/PROGRA~1/MICROC~1/xc32/v5.00/bin/bin/../../lib/gcc/pic32c/13.2.1/thumb/v6-m/nofp/crtend.o
LOAD c:/PROGRA~1/MICROC~1/xc32/v5.00/bin/bin/../../lib/gcc/pic32c/13.2.1/thumb/v6-m/nofp/crtn.o
OUTPUT(C:\Users\forgi\MPLABProjects\SZEN_PDU_0.1\out\SZEN_PDU_0.1\default.elf elf32-littlearm)
LOAD linker stubs
LOAD data_init

.note           0x00000000      0x750
 .note          0x00000000       0x18 c:/PROGRA~1/MICROC~1/xc32/v5.00/bin/bin/../../lib/gcc/pic32c/13.2.1/thumb/v6-m/nofp/crti.o
 .note          0x00000018       0x18 c:/PROGRA~1/MICROC~1/xc32/v5.00/bin/bin/../../lib/gcc/pic32c/13.2.1/thumb/v6-m/nofp/crtbegin.o
 .note          0x00000030       0x18 CMakeFiles/SZEN_PDU_0_1_default_default_XC32_compile.dir/C_/Users/forgi/MPLABProjects/SZEN_PDU_0.1/My_MCC_Config/src/config/default/exceptions.c.o
 .note          0x00000048       0x78 CMakeFiles/SZEN_PDU_0_1_default_default_XC32_compile.dir/C_/Users/forgi/MPLABProjects/SZEN_PDU_0.1/My_MCC_Config/src/config/default/initialization.c.o
 .note          0x000000c0       0x18 CMakeFiles/SZEN_PDU_0_1_default_default_XC32_compile.dir/C_/Users/forgi/MPLABProjects/SZEN_PDU_0.1/My_MCC_Config/src/config/default/interrupts.c.o
 .note          0x000000d8       0x18 CMakeFiles/SZEN_PDU_0_1_default_default_XC32_compile.dir/C_/Users/forgi/MPLABProjects/SZEN_PDU_0.1/My_MCC_Config/src/config/default/libc_syscalls.c.o
 .note          0x000000f0       0x18 CMakeFiles/SZEN_PDU_0_1_default_default_XC32_compile.dir/C_/Users/forgi/MPLABProjects/SZEN_PDU_0.1/My_MCC_Config/src/config/default/peripheral/adc/plib_adc0.c.o
 .note          0x00000108       0x18 CMakeFiles/SZEN_PDU_0_1_default_default_XC32_compile.dir/C_/Users/forgi/MPLABProjects/SZEN_PDU_0.1/My_MCC_Config/src/config/default/peripheral/adc/plib_adc1.c.o
 .note          0x00000120       0x18 CMakeFiles/SZEN_PDU_0_1_default_default_XC32_compile.dir/C_/Users/forgi/MPLABProjects/SZEN_PDU_0.1/My_MCC_Config/src/config/default/peripheral/can/plib_can0.c.o
 .note          0x00000138       0x18 CMakeFiles/SZEN_PDU_0_1_default_default_XC32_compile.dir/C_/Users/forgi/MPLABProjects/SZEN_PDU_0.1/My_MCC_Config/src/config/default/peripheral/can/plib_can1.c.o
 .note          0x00000150       0x18 CMakeFiles/SZEN_PDU_0_1_default_default_XC32_compile.dir/C_/Users/forgi/MPLABProjects/SZEN_PDU_0.1/My_MCC_Config/src/config/default/peripheral/clock/plib_clock.c.o
 .note          0x00000168       0x18 CMakeFiles/SZEN_PDU_0_1_default_default_XC32_compile.dir/C_/Users/forgi/MPLABProjects/SZEN_PDU_0.1/My_MCC_Config/src/config/default/peripheral/evsys/plib_evsys.c.o
 .note          0x00000180       0x18 CMakeFiles/SZEN_PDU_0_1_default_default_XC32_compile.dir/C_/Users/forgi/MPLABProjects/SZEN_PDU_0.1/My_MCC_Config/src/config/default/peripheral/nvic/plib_nvic.c.o
 .note          0x00000198       0x18 CMakeFiles/SZEN_PDU_0_1_default_default_XC32_compile.dir/C_/Users/forgi/MPLABProjects/SZEN_PDU_0.1/My_MCC_Config/src/config/default/peripheral/nvmctrl/plib_nvmctrl.c.o
 .note          0x000001b0       0x18 CMakeFiles/SZEN_PDU_0_1_default_default_XC32_compile.dir/C_/Users/forgi/MPLABProjects/SZEN_PDU_0.1/My_MCC_Config/src/config/default/peripheral/port/plib_port.c.o
 .note          0x000001c8       0x18 CMakeFiles/SZEN_PDU_0_1_default_default_XC32_compile.dir/e00de987e94e93d9f6e23d284cbe55ab/src/config/default/peripheral/sercom/i2c_master/plib_sercom1_i2c_master.c.o
 .note          0x000001e0       0x18 CMakeFiles/SZEN_PDU_0_1_default_default_XC32_compile.dir/C_/Users/forgi/MPLABProjects/SZEN_PDU_0.1/My_MCC_Config/src/config/default/peripheral/systick/plib_systick.c.o
 .note          0x000001f8       0x18 CMakeFiles/SZEN_PDU_0_1_default_default_XC32_compile.dir/C_/Users/forgi/MPLABProjects/SZEN_PDU_0.1/My_MCC_Config/src/config/default/peripheral/tc/plib_tc0.c.o
 .note          0x00000210       0x18 CMakeFiles/SZEN_PDU_0_1_default_default_XC32_compile.dir/C_/Users/forgi/MPLABProjects/SZEN_PDU_0.1/My_MCC_Config/src/config/default/startup_xc32.c.o
 .note          0x00000228       0x18 CMakeFiles/SZEN_PDU_0_1_default_default_XC32_compile.dir/C_/Users/forgi/MPLABProjects/SZEN_PDU_0.1/My_MCC_Config/src/config/default/stdio/xc32_monitor.c.o
 .note          0x00000240       0x18 CMakeFiles/SZEN_PDU_0_1_default_default_XC32_compile.dir/C_/Users/forgi/MPLABProjects/SZEN_PDU_0.1/My_MCC_Config/src/linear11.c.o
 .note          0x00000258       0x18 CMakeFiles/SZEN_PDU_0_1_default_default_XC32_compile.dir/C_/Users/forgi/MPLABProjects/SZEN_PDU_0.1/My_MCC_Config/src/main.c.o
 .note          0x00000270       0x18 CMakeFiles/SZEN_PDU_0_1_default_default_XC32_compile.dir/C_/Users/forgi/MPLABProjects/SZEN_PDU_0.1/My_MCC_Config/src/pmbus.c.o
 .note          0x00000288       0x18 CMakeFiles/SZEN_PDU_0_1_default_default_XC32_compile.dir/C_/Users/forgi/MPLABProjects/SZEN_PDU_0.1/My_MCC_Config/src/tps25990.c.o
 .note          0x000002a0       0x18 c:/PROGRA~1/MICROC~1/xc32/v5.00/bin/bin/../../lib/gcc/pic32c/13.2.1/../../../../pic32c/lib/thumb/v6-m/nofp\libpic32c.a(data_init.o)
 .note          0x000002b8       0x18 c:/PROGRA~1/MICROC~1/xc32/v5.00/bin/bin/../../lib/gcc/pic32c/13.2.1/../../../../pic32c/lib/thumb/v6-m/nofp\libc-size-musl.a(memcpy.o)
 .note          0x000002d0       0x18 c:/PROGRA~1/MICROC~1/xc32/v5.00/bin/bin/../../lib/gcc/pic32c/13.2.1/../../../../pic32c/lib/thumb/v6-m/nofp\libc-size-musl.a(memset.o)
 .note          0x000002e8       0x18 c:/PROGRA~1/MICROC~1/xc32/v5.00/bin/bin/../../lib/gcc/pic32c/13.2.1/../../../../pic32c/lib/thumb/v6-m/nofp\libg-musl.a(__libc_start_main.o)
 .note          0x00000300       0x18 c:/PROGRA~1/MICROC~1/xc32/v5.00/bin/bin/../../lib/gcc/pic32c/13.2.1/../../../../pic32c/lib/thumb/v6-m/nofp\libg-musl.a(libc.o)
 .note          0x00000318       0x18 c:/PROGRA~1/MICROC~1/xc32/v5.00/bin/bin/../../lib/gcc/pic32c/13.2.1/../../../../pic32c/lib/thumb/v6-m/nofp\libg-musl.a(stdin.o)
 .note          0x00000330       0x18 c:/PROGRA~1/MICROC~1/xc32/v5.00/bin/bin/../../lib/gcc/pic32c/13.2.1/../../../../pic32c/lib/thumb/v6-m/nofp\libg-musl.a(stdout.o)
 .note          0x00000348       0x18 c:/PROGRA~1/MICROC~1/xc32/v5.00/bin/bin/../../lib/gcc/pic32c/13.2.1/../../../../pic32c/lib/thumb/v6-m/nofp\libg-musl.a(setbuf.o)
 .note          0x00000360       0x18 c:/PROGRA~1/MICROC~1/xc32/v5.00/bin/bin/../../lib/gcc/pic32c/13.2.1/../../../../pic32c/lib/thumb/v6-m/nofp\libg-musl.a(__environ.o)
 .note          0x00000378       0x18 c:/PROGRA~1/MICROC~1/xc32/v5.00/bin/bin/../../lib/gcc/pic32c/13.2.1/../../../../pic32c/lib/thumb/v6-m/nofp\libg-musl.a(__io_init_needed.o)
 .note          0x00000390       0x18 c:/PROGRA~1/MICROC~1/xc32/v5.00/bin/bin/../../lib/gcc/pic32c/13.2.1/../../../../pic32c/lib/thumb/v6-m/nofp\libg-musl.a(__io_rw_needed.o)
 .note          0x000003a8       0x18 c:/PROGRA~1/MICROC~1/xc32/v5.00/bin/bin/../../lib/gcc/pic32c/13.2.1/../../../../pic32c/lib/thumb/v6-m/nofp\libg-musl.a(__stdio_read.o)
 .note          0x000003c0       0x18 c:/PROGRA~1/MICROC~1/xc32/v5.00/bin/bin/../../lib/gcc/pic32c/13.2.1/../../../../pic32c/lib/thumb/v6-m/nofp\libg-musl.a(__towrite_rw.o)
 .note          0x000003d8       0x18 c:/PROGRA~1/MICROC~1/xc32/v5.00/bin/bin/../../lib/gcc/pic32c/13.2.1/../../../../pic32c/lib/thumb/v6-m/nofp\libg-musl.a(setvbuf.o)
 .note          0x000003f0       0x18 c:/PROGRA~1/MICROC~1/xc32/v5.00/bin/bin/../../lib/gcc/pic32c/13.2.1/../../../../pic32c/lib/thumb/v6-m/nofp\libg-musl.a(readv.o)
 .note          0x00000408       0x18 c:/PROGRA~1/MICROC~1/xc32/v5.00/bin/bin/../../lib/gcc/pic32c/13.2.1/../../../../pic32c/lib/thumb/v6-m/nofp\libg-musl.a(__fopen_rw.o)
 .note          0x00000420       0x18 c:/PROGRA~1/MICROC~1/xc32/v5.00/bin/bin/../../lib/gcc/pic32c/13.2.1/../../../../pic32c/lib/thumb/v6-m/nofp\libg-musl.a(__ftello_rw.o)
 .note          0x00000438       0x18 c:/PROGRA~1/MICROC~1/xc32/v5.00/bin/bin/../../lib/gcc/pic32c/13.2.1/../../../../pic32c/lib/thumb/v6-m/nofp\libg-musl.a(__init_stdio.o)
 .note          0x00000450       0x18 c:/PROGRA~1/MICROC~1/xc32/v5.00/bin/bin/../../lib/gcc/pic32c/13.2.1/../../../../pic32c/lib/thumb/v6-m/nofp\libg-musl.a(__io_buf_needed.o)
 .note          0x00000468       0x18 c:/PROGRA~1/MICROC~1/xc32/v5.00/bin/bin/../../lib/gcc/pic32c/13.2.1/../../../../pic32c/lib/thumb/v6-m/nofp\libg-musl.a(__io_file_needed.o)
 .note          0x00000480       0x18 c:/PROGRA~1/MICROC~1/xc32/v5.00/bin/bin/../../lib/gcc/pic32c/13.2.1/../../../../pic32c/lib/thumb/v6-m/nofp\libg-musl.a(__io_std_needed.o)
 .note          0x00000498       0x18 c:/PROGRA~1/MICROC~1/xc32/v5.00/bin/bin/../../lib/gcc/pic32c/13.2.1/../../../../pic32c/lib/thumb/v6-m/nofp\libg-musl.a(__out.o)
 .note          0x000004b0       0x18 c:/PROGRA~1/MICROC~1/xc32/v5.00/bin/bin/../../lib/gcc/pic32c/13.2.1/../../../../pic32c/lib/thumb/v6-m/nofp\libg-musl.a(__putc.o)
 .note          0x000004c8       0x18 c:/PROGRA~1/MICROC~1/xc32/v5.00/bin/bin/../../lib/gcc/pic32c/13.2.1/../../../../pic32c/lib/thumb/v6-m/nofp\libg-musl.a(__stderr.o)
 .note          0x000004e0       0x18 c:/PROGRA~1/MICROC~1/xc32/v5.00/bin/bin/../../lib/gcc/pic32c/13.2.1/../../../../pic32c/lib/thumb/v6-m/nofp\libg-musl.a(__stdio_close.o)
 .note          0x000004f8       0x18 c:/PROGRA~1/MICROC~1/xc32/v5.00/bin/bin/../../lib/gcc/pic32c/13.2.1/../../../../pic32c/lib/thumb/v6-m/nofp\libg-musl.a(__stdio_exit.o)
 .note          0x00000510       0x18 c:/PROGRA~1/MICROC~1/xc32/v5.00/bin/bin/../../lib/gcc/pic32c/13.2.1/../../../../pic32c/lib/thumb/v6-m/nofp\libg-musl.a(__stdio_write.o)
 .note          0x00000528       0x18 c:/PROGRA~1/MICROC~1/xc32/v5.00/bin/bin/../../lib/gcc/pic32c/13.2.1/../../../../pic32c/lib/thumb/v6-m/nofp\libg-musl.a(__stdout.o)
 .note          0x00000540       0x18 c:/PROGRA~1/MICROC~1/xc32/v5.00/bin/bin/../../lib/gcc/pic32c/13.2.1/../../../../pic32c/lib/thumb/v6-m/nofp\libg-musl.a(__towrite.o)
 .note          0x00000558       0x18 c:/PROGRA~1/MICROC~1/xc32/v5.00/bin/bin/../../lib/gcc/pic32c/13.2.1/../../../../pic32c/lib/thumb/v6-m/nofp\libg-musl.a(putc.o)
 .note          0x00000570       0x18 c:/PROGRA~1/MICROC~1/xc32/v5.00/bin/bin/../../lib/gcc/pic32c/13.2.1/../../../../pic32c/lib/thumb/v6-m/nofp\libg-musl.a(writev.o)
 .note          0x00000588       0x18 c:/PROGRA~1/MICROC~1/xc32/v5.00/bin/bin/../../lib/gcc/pic32c/13.2.1/../../../../pic32c/lib/thumb/v6-m/nofp\libg-musl.a(__overflow.o)
 .note          0x000005a0       0x18 c:/PROGRA~1/MICROC~1/xc32/v5.00/bin/bin/../../lib/gcc/pic32c/13.2.1/../../../../pic32c/lib/thumb/v6-m/nofp\libg-musl.a(__fclose.o)
 .note          0x000005b8       0x18 c:/PROGRA~1/MICROC~1/xc32/v5.00/bin/bin/../../lib/gcc/pic32c/13.2.1/../../../../pic32c/lib/thumb/v6-m/nofp\libg-musl.a(__fopen.o)
 .note          0x000005d0       0x18 c:/PROGRA~1/MICROC~1/xc32/v5.00/bin/bin/../../lib/gcc/pic32c/13.2.1/../../../../pic32c/lib/thumb/v6-m/nofp\libg-musl.a(__fseeko.o)
 .note          0x000005e8       0x18 c:/PROGRA~1/MICROC~1/xc32/v5.00/bin/bin/../../lib/gcc/pic32c/13.2.1/../../../../pic32c/lib/thumb/v6-m/nofp\libg-musl.a(__ftello.o)
 .note          0x00000600       0x18 c:/PROGRA~1/MICROC~1/xc32/v5.00/bin/bin/../../lib/gcc/pic32c/13.2.1/../../../../pic32c/lib/thumb/v6-m/nofp\libg-musl.a(__fwrite.o)
 .note          0x00000618       0x18 c:/PROGRA~1/MICROC~1/xc32/v5.00/bin/bin/../../lib/gcc/pic32c/13.2.1/../../../../pic32c/lib/thumb/v6-m/nofp\libpic32c.a(close.o)
 .note          0x00000630       0x18 c:/PROGRA~1/MICROC~1/xc32/v5.00/bin/bin/../../lib/gcc/pic32c/13.2.1/../../../../pic32c/lib/thumb/v6-m/nofp\libpic32c.a(lseek.o)
 .note          0x00000648       0x18 c:/PROGRA~1/MICROC~1/xc32/v5.00/bin/bin/../../lib/gcc/pic32c/13.2.1/../../../../pic32c/lib/thumb/v6-m/nofp\liblmalloc-musl.a(lite_malloc.o)
 .note          0x00000660       0x18 c:/PROGRA~1/MICROC~1/xc32/v5.00/bin/bin/../../lib/gcc/pic32c/13.2.1/../../../../pic32c/lib/thumb/v6-m/nofp\liblmalloc-musl.a(lite_free.o)
 .note          0x00000678       0x18 c:/PROGRA~1/MICROC~1/xc32/v5.00/bin/bin/../../lib/gcc/pic32c/13.2.1/../../../../pic32c/lib/thumb/v6-m/nofp\libg-musl.a(__errno_location.o)
 .note          0x00000690       0x18 c:/PROGRA~1/MICROC~1/xc32/v5.00/bin/bin/../../lib/gcc/pic32c/13.2.1/../../../../pic32c/lib/thumb/v6-m/nofp\libg-musl.a(expand_heap.o)
 .note          0x000006a8       0x18 c:/PROGRA~1/MICROC~1/xc32/v5.00/bin/bin/../../lib/gcc/pic32c/13.2.1/../../../../pic32c/lib/thumb/v6-m/nofp\libpic32c.a(sbrk.o)
 .note          0x000006c0       0x18 c:/PROGRA~1/MICROC~1/xc32/v5.00/bin/bin/../../lib/gcc/pic32c/13.2.1/thumb/v6-m/nofp\libgcc.a(_udivsi3.o)
 .note          0x000006d8       0x18 c:/PROGRA~1/MICROC~1/xc32/v5.00/bin/bin/../../lib/gcc/pic32c/13.2.1/thumb/v6-m/nofp\libgcc.a(_dvmd_tls.o)
 .note          0x000006f0       0x18 c:/PROGRA~1/MICROC~1/xc32/v5.00/bin/bin/../../lib/gcc/pic32c/13.2.1/thumb/v6-m/nofp/crtend.o
 .note          0x00000708       0x18 c:/PROGRA~1/MICROC~1/xc32/v5.00/bin/bin/../../lib/gcc/pic32c/13.2.1/thumb/v6-m/nofp/crtn.o
 .note          0x00000720       0x18 c:/PROGRA~1/MICROC~1/xc32/v5.00/bin/bin/../../lib/gcc/pic32c/13.2.1/../../../../pic32c/lib/thumb/v6-m/nofp\libpic32c.a(pic32_data_init_clear.o)
 .note          0x00000738       0x18 c:/PROGRA~1/MICROC~1/xc32/v5.00/bin/bin/../../lib/gcc/pic32c/13.2.1/../../../../pic32c/lib/thumb/v6-m/nofp\libpic32c.a(pic32_data_init_copy.o)

.ARM.attributes
                0x00000000       0x2a
 .ARM.attributes
                0x00000000       0x1e c:/PROGRA~1/MICROC~1/xc32/v5.00/bin/bin/../../lib/gcc/pic32c/13.2.1/thumb/v6-m/nofp/crti.o
 .ARM.attributes
                0x0000001e       0x2c c:/PROGRA~1/MICROC~1/xc32/v5.00/bin/bin/../../lib/gcc/pic32c/13.2.1/thumb/v6-m/nofp/crtbegin.o
 .ARM.attributes
                0x0000004a       0x2c CMakeFiles/SZEN_PDU_0_1_default_default_XC32_compile.dir/C_/Users/forgi/MPLABProjects/SZEN_PDU_0.1/My_MCC_Config/src/config/default/exceptions.c.o
 .ARM.attributes
                0x00000076       0x2c CMakeFiles/SZEN_PDU_0_1_default_default_XC32_compile.dir/C_/Users/forgi/MPLABProjects/SZEN_PDU_0.1/My_MCC_Config/src/config/default/initialization.c.o
 .ARM.attributes
                0x000000a2       0x2c CMakeFiles/SZEN_PDU_0_1_default_default_XC32_compile.dir/C_/Users/forgi/MPLABProjects/SZEN_PDU_0.1/My_MCC_Config/src/config/default/interrupts.c.o
 .ARM.attributes
                0x000000ce       0x2c CMakeFiles/SZEN_PDU_0_1_default_default_XC32_compile.dir/C_/Users/forgi/MPLABProjects/SZEN_PDU_0.1/My_MCC_Config/src/config/default/peripheral/adc/plib_adc0.c.o
 .ARM.attributes
                0x000000fa       0x2c CMakeFiles/SZEN_PDU_0_1_default_default_XC32_compile.dir/C_/Users/forgi/MPLABProjects/SZEN_PDU_0.1/My_MCC_Config/src/config/default/peripheral/adc/plib_adc1.c.o
 .ARM.attributes
                0x00000126       0x2c CMakeFiles/SZEN_PDU_0_1_default_default_XC32_compile.dir/C_/Users/forgi/MPLABProjects/SZEN_PDU_0.1/My_MCC_Config/src/config/default/peripheral/can/plib_can0.c.o
 .ARM.attributes
                0x00000152       0x2c CMakeFiles/SZEN_PDU_0_1_default_default_XC32_compile.dir/C_/Users/forgi/MPLABProjects/SZEN_PDU_0.1/My_MCC_Config/src/config/default/peripheral/can/plib_can1.c.o
 .ARM.attributes
                0x0000017e       0x2c CMakeFiles/SZEN_PDU_0_1_default_default_XC32_compile.dir/C_/Users/forgi/MPLABProjects/SZEN_PDU_0.1/My_MCC_Config/src/config/default/peripheral/clock/plib_clock.c.o
 .ARM.attributes
                0x000001aa       0x2c CMakeFiles/SZEN_PDU_0_1_default_default_XC32_compile.dir/C_/Users/forgi/MPLABProjects/SZEN_PDU_0.1/My_MCC_Config/src/config/default/peripheral/evsys/plib_evsys.c.o
 .ARM.attributes
                0x000001d6       0x2c CMakeFiles/SZEN_PDU_0_1_default_default_XC32_compile.dir/C_/Users/forgi/MPLABProjects/SZEN_PDU_0.1/My_MCC_Config/src/config/default/peripheral/nvic/plib_nvic.c.o
 .ARM.attributes
                0x00000202       0x2c CMakeFiles/SZEN_PDU_0_1_default_default_XC32_compile.dir/C_/Users/forgi/MPLABProjects/SZEN_PDU_0.1/My_MCC_Config/src/config/default/peripheral/nvmctrl/plib_nvmctrl.c.o
 .ARM.attributes
                0x0000022e       0x2c CMakeFiles/SZEN_PDU_0_1_default_default_XC32_compile.dir/C_/Users/forgi/MPLABProjects/SZEN_PDU_0.1/My_MCC_Config/src/config/default/peripheral/port/plib_port.c.o
 .ARM.attributes
                0x0000025a       0x2c CMakeFiles/SZEN_PDU_0_1_default_default_XC32_compile.dir/e00de987e94e93d9f6e23d284cbe55ab/src/config/default/peripheral/sercom/i2c_master/plib_sercom1_i2c_master.c.o
 .ARM.attributes
                0x00000286       0x2c CMakeFiles/SZEN_PDU_0_1_default_default_XC32_compile.dir/C_/Users/forgi/MPLABProjects/SZEN_PDU_0.1/My_MCC_Config/src/config/default/peripheral/systick/plib_systick.c.o
 .ARM.attributes
                0x000002b2       0x2c CMakeFiles/SZEN_PDU_0_1_default_default_XC32_compile.dir/C_/Users/forgi/MPLABProjects/SZEN_PDU_0.1/My_MCC_Config/src/config/default/peripheral/tc/plib_tc0.c.o
 .ARM.attributes
                0x000002de       0x2c CMakeFiles/SZEN_PDU_0_1_default_default_XC32_compile.dir/C_/Users/forgi/MPLABProjects/SZEN_PDU_0.1/My_MCC_Config/src/config/default/startup_xc32.c.o
 .ARM.attributes
                0x0000030a       0x2c CMakeFiles/SZEN_PDU_0_1_default_default_XC32_compile.dir/C_/Users/forgi/MPLABProjects/SZEN_PDU_0.1/My_MCC_Config/src/config/default/stdio/xc32_monitor.c.o
 .ARM.attributes
                0x00000336       0x2c CMakeFiles/SZEN_PDU_0_1_default_default_XC32_compile.dir/C_/Users/forgi/MPLABProjects/SZEN_PDU_0.1/My_MCC_Config/src/main.c.o
 .ARM.attributes
                0x00000362       0x2c c:/PROGRA~1/MICROC~1/xc32/v5.00/bin/bin/../../lib/gcc/pic32c/13.2.1/../../../../pic32c/lib/thumb/v6-m/nofp\libpic32c.a(data_init.o)
 .ARM.attributes
                0x0000038e       0x2e c:/PROGRA~1/MICROC~1/xc32/v5.00/bin/bin/../../lib/gcc/pic32c/13.2.1/../../../../pic32c/lib/thumb/v6-m/nofp\libc-size-musl.a(memcpy.o)
 .ARM.attributes
                0x000003bc       0x2e c:/PROGRA~1/MICROC~1/xc32/v5.00/bin/bin/../../lib/gcc/pic32c/13.2.1/../../../../pic32c/lib/thumb/v6-m/nofp\libg-musl.a(__libc_start_main.o)
 .ARM.attributes
                0x000003ea       0x2e c:/PROGRA~1/MICROC~1/xc32/v5.00/bin/bin/../../lib/gcc/pic32c/13.2.1/../../../../pic32c/lib/thumb/v6-m/nofp\libg-musl.a(libc.o)
 .ARM.attributes
                0x00000418       0x2e c:/PROGRA~1/MICROC~1/xc32/v5.00/bin/bin/../../lib/gcc/pic32c/13.2.1/../../../../pic32c/lib/thumb/v6-m/nofp\libg-musl.a(stdin.o)
 .ARM.attributes
                0x00000446       0x2e c:/PROGRA~1/MICROC~1/xc32/v5.00/bin/bin/../../lib/gcc/pic32c/13.2.1/../../../../pic32c/lib/thumb/v6-m/nofp\libg-musl.a(stdout.o)
 .ARM.attributes
                0x00000474       0x2e c:/PROGRA~1/MICROC~1/xc32/v5.00/bin/bin/../../lib/gcc/pic32c/13.2.1/../../../../pic32c/lib/thumb/v6-m/nofp\libg-musl.a(setbuf.o)
 .ARM.attributes
                0x000004a2       0x2e c:/PROGRA~1/MICROC~1/xc32/v5.00/bin/bin/../../lib/gcc/pic32c/13.2.1/../../../../pic32c/lib/thumb/v6-m/nofp\libg-musl.a(__environ.o)
 .ARM.attributes
                0x000004d0       0x2e c:/PROGRA~1/MICROC~1/xc32/v5.00/bin/bin/../../lib/gcc/pic32c/13.2.1/../../../../pic32c/lib/thumb/v6-m/nofp\libg-musl.a(__stdio_read.o)
 .ARM.attributes
                0x000004fe       0x2e c:/PROGRA~1/MICROC~1/xc32/v5.00/bin/bin/../../lib/gcc/pic32c/13.2.1/../../../../pic32c/lib/thumb/v6-m/nofp\libg-musl.a(__towrite_rw.o)
 .ARM.attributes
                0x0000052c       0x2e c:/PROGRA~1/MICROC~1/xc32/v5.00/bin/bin/../../lib/gcc/pic32c/13.2.1/../../../../pic32c/lib/thumb/v6-m/nofp\libg-musl.a(setvbuf.o)
 .ARM.attributes
                0x0000055a       0x2e c:/PROGRA~1/MICROC~1/xc32/v5.00/bin/bin/../../lib/gcc/pic32c/13.2.1/../../../../pic32c/lib/thumb/v6-m/nofp\libg-musl.a(readv.o)
 .ARM.attributes
                0x00000588       0x2e c:/PROGRA~1/MICROC~1/xc32/v5.00/bin/bin/../../lib/gcc/pic32c/13.2.1/../../../../pic32c/lib/thumb/v6-m/nofp\libg-musl.a(__init_stdio.o)
 .ARM.attributes
                0x000005b6       0x2e c:/PROGRA~1/MICROC~1/xc32/v5.00/bin/bin/../../lib/gcc/pic32c/13.2.1/../../../../pic32c/lib/thumb/v6-m/nofp\libg-musl.a(__out.o)
 .ARM.attributes
                0x000005e4       0x2e c:/PROGRA~1/MICROC~1/xc32/v5.00/bin/bin/../../lib/gcc/pic32c/13.2.1/../../../../pic32c/lib/thumb/v6-m/nofp\libg-musl.a(__stderr.o)
 .ARM.attributes
                0x00000612       0x2e c:/PROGRA~1/MICROC~1/xc32/v5.00/bin/bin/../../lib/gcc/pic32c/13.2.1/../../../../pic32c/lib/thumb/v6-m/nofp\libg-musl.a(__stdio_close.o)
 .ARM.attributes
                0x00000640       0x2e c:/PROGRA~1/MICROC~1/xc32/v5.00/bin/bin/../../lib/gcc/pic32c/13.2.1/../../../../pic32c/lib/thumb/v6-m/nofp\libg-musl.a(__stdio_write.o)
 .ARM.attributes
                0x0000066e       0x2e c:/PROGRA~1/MICROC~1/xc32/v5.00/bin/bin/../../lib/gcc/pic32c/13.2.1/../../../../pic32c/lib/thumb/v6-m/nofp\libg-musl.a(__stdout.o)
 .ARM.attributes
                0x0000069c       0x2e c:/PROGRA~1/MICROC~1/xc32/v5.00/bin/bin/../../lib/gcc/pic32c/13.2.1/../../../../pic32c/lib/thumb/v6-m/nofp\libg-musl.a(__towrite.o)
 .ARM.attributes
                0x000006ca       0x2e c:/PROGRA~1/MICROC~1/xc32/v5.00/bin/bin/../../lib/gcc/pic32c/13.2.1/../../../../pic32c/lib/thumb/v6-m/nofp\libg-musl.a(writev.o)
 .ARM.attributes
                0x000006f8       0x2c c:/PROGRA~1/MICROC~1/xc32/v5.00/bin/bin/../../lib/gcc/pic32c/13.2.1/../../../../pic32c/lib/thumb/v6-m/nofp\libpic32c.a(close.o)
 .ARM.attributes
                0x00000724       0x2c c:/PROGRA~1/MICROC~1/xc32/v5.00/bin/bin/../../lib/gcc/pic32c/13.2.1/../../../../pic32c/lib/thumb/v6-m/nofp\libpic32c.a(lseek.o)
 .ARM.attributes
                0x00000750       0x2e c:/PROGRA~1/MICROC~1/xc32/v5.00/bin/bin/../../lib/gcc/pic32c/13.2.1/../../../../pic32c/lib/thumb/v6-m/nofp\liblmalloc-musl.a(lite_malloc.o)
 .ARM.attributes
                0x0000077e       0x2e c:/PROGRA~1/MICROC~1/xc32/v5.00/bin/bin/../../lib/gcc/pic32c/13.2.1/../../../../pic32c/lib/thumb/v6-m/nofp\liblmalloc-musl.a(lite_free.o)
 .ARM.attributes
                0x000007ac       0x2e c:/PROGRA~1/MICROC~1/xc32/v5.00/bin/bin/../../lib/gcc/pic32c/13.2.1/../../../../pic32c/lib/thumb/v6-m/nofp\libg-musl.a(__errno_location.o)
 .ARM.attributes
                0x000007da       0x2e c:/PROGRA~1/MICROC~1/xc32/v5.00/bin/bin/../../lib/gcc/pic32c/13.2.1/../../../../pic32c/lib/thumb/v6-m/nofp\libg-musl.a(expand_heap.o)
 .ARM.attributes
                0x00000808       0x2c c:/PROGRA~1/MICROC~1/xc32/v5.00/bin/bin/../../lib/gcc/pic32c/13.2.1/../../../../pic32c/lib/thumb/v6-m/nofp\libpic32c.a(sbrk.o)
 .ARM.attributes
                0x00000834       0x1e c:/PROGRA~1/MICROC~1/xc32/v5.00/bin/bin/../../lib/gcc/pic32c/13.2.1/thumb/v6-m/nofp/crtn.o
 .ARM.attributes
                0x00000852       0x2c c:/PROGRA~1/MICROC~1/xc32/v5.00/bin/bin/../../lib/gcc/pic32c/13.2.1/../../../../pic32c/lib/thumb/v6-m/nofp\libpic32c.a(pic32_data_init_clear.o)
 .ARM.attributes
                0x0000087e       0x2c c:/PROGRA~1/MICROC~1/xc32/v5.00/bin/bin/../../lib/gcc/pic32c/13.2.1/../../../../pic32c/lib/thumb/v6-m/nofp\libpic32c.a(pic32_data_init_copy.o)

.comment        0x00000000       0x35
 .comment       0x00000000       0x35 c:/PROGRA~1/MICROC~1/xc32/v5.00/bin/bin/../../lib/gcc/pic32c/13.2.1/thumb/v6-m/nofp/crtbegin.o
                                 0x36 (size before relaxing)
 .comment       0x00000035       0x36 CMakeFiles/SZEN_PDU_0_1_default_default_XC32_compile.dir/C_/Users/forgi/MPLABProjects/SZEN_PDU_0.1/My_MCC_Config/src/config/default/exceptions.c.o
 .comment       0x00000035       0x36 CMakeFiles/SZEN_PDU_0_1_default_default_XC32_compile.dir/C_/Users/forgi/MPLABProjects/SZEN_PDU_0.1/My_MCC_Config/src/config/default/initialization.c.o
 .comment       0x00000035       0x36 CMakeFiles/SZEN_PDU_0_1_default_default_XC32_compile.dir/C_/Users/forgi/MPLABProjects/SZEN_PDU_0.1/My_MCC_Config/src/config/default/interrupts.c.o
 .comment       0x00000035       0x36 CMakeFiles/SZEN_PDU_0_1_default_default_XC32_compile.dir/C_/Users/forgi/MPLABProjects/SZEN_PDU_0.1/My_MCC_Config/src/config/default/peripheral/adc/plib_adc0.c.o
 .comment       0x00000035       0x36 CMakeFiles/SZEN_PDU_0_1_default_default_XC32_compile.dir/C_/Users/forgi/MPLABProjects/SZEN_PDU_0.1/My_MCC_Config/src/config/default/peripheral/adc/plib_adc1.c.o
 .comment       0x00000035       0x36 CMakeFiles/SZEN_PDU_0_1_default_default_XC32_compile.dir/C_/Users/forgi/MPLABProjects/SZEN_PDU_0.1/My_MCC_Config/src/config/default/peripheral/can/plib_can0.c.o
 .comment       0x00000035       0x36 CMakeFiles/SZEN_PDU_0_1_default_default_XC32_compile.dir/C_/Users/forgi/MPLABProjects/SZEN_PDU_0.1/My_MCC_Config/src/config/default/peripheral/can/plib_can1.c.o
 .comment       0x00000035       0x36 CMakeFiles/SZEN_PDU_0_1_default_default_XC32_compile.dir/C_/Users/forgi/MPLABProjects/SZEN_PDU_0.1/My_MCC_Config/src/config/default/peripheral/clock/plib_clock.c.o
 .comment       0x00000035       0x36 CMakeFiles/SZEN_PDU_0_1_default_default_XC32_compile.dir/C_/Users/forgi/MPLABProjects/SZEN_PDU_0.1/My_MCC_Config/src/config/default/peripheral/evsys/plib_evsys.c.o
 .comment       0x00000035       0x36 CMakeFiles/SZEN_PDU_0_1_default_default_XC32_compile.dir/C_/Users/forgi/MPLABProjects/SZEN_PDU_0.1/My_MCC_Config/src/config/default/peripheral/nvic/plib_nvic.c.o
 .comment       0x00000035       0x36 CMakeFiles/SZEN_PDU_0_1_default_default_XC32_compile.dir/C_/Users/forgi/MPLABProjects/SZEN_PDU_0.1/My_MCC_Config/src/config/default/peripheral/nvmctrl/plib_nvmctrl.c.o
 .comment       0x00000035       0x36 CMakeFiles/SZEN_PDU_0_1_default_default_XC32_compile.dir/C_/Users/forgi/MPLABProjects/SZEN_PDU_0.1/My_MCC_Config/src/config/default/peripheral/port/plib_port.c.o
 .comment       0x00000035       0x36 CMakeFiles/SZEN_PDU_0_1_default_default_XC32_compile.dir/e00de987e94e93d9f6e23d284cbe55ab/src/config/default/peripheral/sercom/i2c_master/plib_sercom1_i2c_master.c.o
 .comment       0x00000035       0x36 CMakeFiles/SZEN_PDU_0_1_default_default_XC32_compile.dir/C_/Users/forgi/MPLABProjects/SZEN_PDU_0.1/My_MCC_Config/src/config/default/peripheral/systick/plib_systick.c.o
 .comment       0x00000035       0x36 CMakeFiles/SZEN_PDU_0_1_default_default_XC32_compile.dir/C_/Users/forgi/MPLABProjects/SZEN_PDU_0.1/My_MCC_Config/src/config/default/peripheral/tc/plib_tc0.c.o
 .comment       0x00000035       0x36 CMakeFiles/SZEN_PDU_0_1_default_default_XC32_compile.dir/C_/Users/forgi/MPLABProjects/SZEN_PDU_0.1/My_MCC_Config/src/config/default/startup_xc32.c.o
 .comment       0x00000035       0x36 CMakeFiles/SZEN_PDU_0_1_default_default_XC32_compile.dir/C_/Users/forgi/MPLABProjects/SZEN_PDU_0.1/My_MCC_Config/src/config/default/stdio/xc32_monitor.c.o
 .comment       0x00000035       0x36 CMakeFiles/SZEN_PDU_0_1_default_default_XC32_compile.dir/C_/Users/forgi/MPLABProjects/SZEN_PDU_0.1/My_MCC_Config/src/main.c.o
 .comment       0x00000035       0x36 c:/PROGRA~1/MICROC~1/xc32/v5.00/bin/bin/../../lib/gcc/pic32c/13.2.1/../../../../pic32c/lib/thumb/v6-m/nofp\libpic32c.a(data_init.o)
 .comment       0x00000035       0x36 c:/PROGRA~1/MICROC~1/xc32/v5.00/bin/bin/../../lib/gcc/pic32c/13.2.1/../../../../pic32c/lib/thumb/v6-m/nofp\libc-size-musl.a(memcpy.o)
 .comment       0x00000035       0x36 c:/PROGRA~1/MICROC~1/xc32/v5.00/bin/bin/../../lib/gcc/pic32c/13.2.1/../../../../pic32c/lib/thumb/v6-m/nofp\libg-musl.a(__libc_start_main.o)
 .comment       0x00000035       0x36 c:/PROGRA~1/MICROC~1/xc32/v5.00/bin/bin/../../lib/gcc/pic32c/13.2.1/../../../../pic32c/lib/thumb/v6-m/nofp\libg-musl.a(libc.o)
 .comment       0x00000035       0x36 c:/PROGRA~1/MICROC~1/xc32/v5.00/bin/bin/../../lib/gcc/pic32c/13.2.1/../../../../pic32c/lib/thumb/v6-m/nofp\libg-musl.a(stdin.o)
 .comment       0x00000035       0x36 c:/PROGRA~1/MICROC~1/xc32/v5.00/bin/bin/../../lib/gcc/pic32c/13.2.1/../../../../pic32c/lib/thumb/v6-m/nofp\libg-musl.a(stdout.o)
 .comment       0x00000035       0x36 c:/PROGRA~1/MICROC~1/xc32/v5.00/bin/bin/../../lib/gcc/pic32c/13.2.1/../../../../pic32c/lib/thumb/v6-m/nofp\libg-musl.a(setbuf.o)
 .comment       0x00000035       0x36 c:/PROGRA~1/MICROC~1/xc32/v5.00/bin/bin/../../lib/gcc/pic32c/13.2.1/../../../../pic32c/lib/thumb/v6-m/nofp\libg-musl.a(__environ.o)
 .comment       0x00000035       0x36 c:/PROGRA~1/MICROC~1/xc32/v5.00/bin/bin/../../lib/gcc/pic32c/13.2.1/../../../../pic32c/lib/thumb/v6-m/nofp\libg-musl.a(__stdio_read.o)
 .comment       0x00000035       0x36 c:/PROGRA~1/MICROC~1/xc32/v5.00/bin/bin/../../lib/gcc/pic32c/13.2.1/../../../../pic32c/lib/thumb/v6-m/nofp\libg-musl.a(__towrite_rw.o)
 .comment       0x00000035       0x36 c:/PROGRA~1/MICROC~1/xc32/v5.00/bin/bin/../../lib/gcc/pic32c/13.2.1/../../../../pic32c/lib/thumb/v6-m/nofp\libg-musl.a(setvbuf.o)
 .comment       0x00000035       0x36 c:/PROGRA~1/MICROC~1/xc32/v5.00/bin/bin/../../lib/gcc/pic32c/13.2.1/../../../../pic32c/lib/thumb/v6-m/nofp\libg-musl.a(readv.o)
 .comment       0x00000035       0x36 c:/PROGRA~1/MICROC~1/xc32/v5.00/bin/bin/../../lib/gcc/pic32c/13.2.1/../../../../pic32c/lib/thumb/v6-m/nofp\libg-musl.a(__init_stdio.o)
 .comment       0x00000035       0x36 c:/PROGRA~1/MICROC~1/xc32/v5.00/bin/bin/../../lib/gcc/pic32c/13.2.1/../../../../pic32c/lib/thumb/v6-m/nofp\libg-musl.a(__out.o)
 .comment       0x00000035       0x36 c:/PROGRA~1/MICROC~1/xc32/v5.00/bin/bin/../../lib/gcc/pic32c/13.2.1/../../../../pic32c/lib/thumb/v6-m/nofp\libg-musl.a(__stderr.o)
 .comment       0x00000035       0x36 c:/PROGRA~1/MICROC~1/xc32/v5.00/bin/bin/../../lib/gcc/pic32c/13.2.1/../../../../pic32c/lib/thumb/v6-m/nofp\libg-musl.a(__stdio_close.o)
 .comment       0x00000035       0x36 c:/PROGRA~1/MICROC~1/xc32/v5.00/bin/bin/../../lib/gcc/pic32c/13.2.1/../../../../pic32c/lib/thumb/v6-m/nofp\libg-musl.a(__stdio_write.o)
 .comment       0x00000035       0x36 c:/PROGRA~1/MICROC~1/xc32/v5.00/bin/bin/../../lib/gcc/pic32c/13.2.1/../../../../pic32c/lib/thumb/v6-m/nofp\libg-musl.a(__stdout.o)
 .comment       0x00000035       0x36 c:/PROGRA~1/MICROC~1/xc32/v5.00/bin/bin/../../lib/gcc/pic32c/13.2.1/../../../../pic32c/lib/thumb/v6-m/nofp\libg-musl.a(__towrite.o)
 .comment       0x00000035       0x36 c:/PROGRA~1/MICROC~1/xc32/v5.00/bin/bin/../../lib/gcc/pic32c/13.2.1/../../../../pic32c/lib/thumb/v6-m/nofp\libg-musl.a(writev.o)
 .comment       0x00000035       0x36 c:/PROGRA~1/MICROC~1/xc32/v5.00/bin/bin/../../lib/gcc/pic32c/13.2.1/../../../../pic32c/lib/thumb/v6-m/nofp\libpic32c.a(close.o)
 .comment       0x00000035       0x36 c:/PROGRA~1/MICROC~1/xc32/v5.00/bin/bin/../../lib/gcc/pic32c/13.2.1/../../../../pic32c/lib/thumb/v6-m/nofp\libpic32c.a(lseek.o)
 .comment       0x00000035       0x36 c:/PROGRA~1/MICROC~1/xc32/v5.00/bin/bin/../../lib/gcc/pic32c/13.2.1/../../../../pic32c/lib/thumb/v6-m/nofp\liblmalloc-musl.a(lite_malloc.o)
 .comment       0x00000035       0x36 c:/PROGRA~1/MICROC~1/xc32/v5.00/bin/bin/../../lib/gcc/pic32c/13.2.1/../../../../pic32c/lib/thumb/v6-m/nofp\liblmalloc-musl.a(lite_free.o)
 .comment       0x00000035       0x36 c:/PROGRA~1/MICROC~1/xc32/v5.00/bin/bin/../../lib/gcc/pic32c/13.2.1/../../../../pic32c/lib/thumb/v6-m/nofp\libg-musl.a(__errno_location.o)
 .comment       0x00000035       0x36 c:/PROGRA~1/MICROC~1/xc32/v5.00/bin/bin/../../lib/gcc/pic32c/13.2.1/../../../../pic32c/lib/thumb/v6-m/nofp\libg-musl.a(expand_heap.o)
 .comment       0x00000035       0x36 c:/PROGRA~1/MICROC~1/xc32/v5.00/bin/bin/../../lib/gcc/pic32c/13.2.1/../../../../pic32c/lib/thumb/v6-m/nofp\libpic32c.a(sbrk.o)
 .comment       0x00000035       0x36 c:/PROGRA~1/MICROC~1/xc32/v5.00/bin/bin/../../lib/gcc/pic32c/13.2.1/../../../../pic32c/lib/thumb/v6-m/nofp\libpic32c.a(pic32_data_init_clear.o)
 .comment       0x00000035       0x36 c:/PROGRA~1/MICROC~1/xc32/v5.00/bin/bin/../../lib/gcc/pic32c/13.2.1/../../../../pic32c/lib/thumb/v6-m/nofp\libpic32c.a(pic32_data_init_copy.o)

.debug_info     0x00000000     0xc058
 .debug_info    0x00000000       0xc1 CMakeFiles/SZEN_PDU_0_1_default_default_XC32_compile.dir/C_/Users/forgi/MPLABProjects/SZEN_PDU_0.1/My_MCC_Config/src/config/default/exceptions.c.o
 .debug_info    0x000000c1      0x4aa CMakeFiles/SZEN_PDU_0_1_default_default_XC32_compile.dir/C_/Users/forgi/MPLABProjects/SZEN_PDU_0.1/My_MCC_Config/src/config/default/initialization.c.o
 .debug_info    0x0000056b      0x461 CMakeFiles/SZEN_PDU_0_1_default_default_XC32_compile.dir/C_/Users/forgi/MPLABProjects/SZEN_PDU_0.1/My_MCC_Config/src/config/default/interrupts.c.o
 .debug_info    0x000009cc      0x611 CMakeFiles/SZEN_PDU_0_1_default_default_XC32_compile.dir/C_/Users/forgi/MPLABProjects/SZEN_PDU_0.1/My_MCC_Config/src/config/default/peripheral/adc/plib_adc0.c.o
 .debug_info    0x00000fdd      0x611 CMakeFiles/SZEN_PDU_0_1_default_default_XC32_compile.dir/C_/Users/forgi/MPLABProjects/SZEN_PDU_0.1/My_MCC_Config/src/config/default/peripheral/adc/plib_adc1.c.o
 .debug_info    0x000015ee     0x13e1 CMakeFiles/SZEN_PDU_0_1_default_default_XC32_compile.dir/C_/Users/forgi/MPLABProjects/SZEN_PDU_0.1/My_MCC_Config/src/config/default/peripheral/can/plib_can0.c.o
 .debug_info    0x000029cf     0x13e1 CMakeFiles/SZEN_PDU_0_1_default_default_XC32_compile.dir/C_/Users/forgi/MPLABProjects/SZEN_PDU_0.1/My_MCC_Config/src/config/default/peripheral/can/plib_can1.c.o
 .debug_info    0x00003db0      0x5c9 CMakeFiles/SZEN_PDU_0_1_default_default_XC32_compile.dir/C_/Users/forgi/MPLABProjects/SZEN_PDU_0.1/My_MCC_Config/src/config/default/peripheral/clock/plib_clock.c.o
 .debug_info    0x00004379       0x9b CMakeFiles/SZEN_PDU_0_1_default_default_XC32_compile.dir/C_/Users/forgi/MPLABProjects/SZEN_PDU_0.1/My_MCC_Config/src/config/default/peripheral/evsys/plib_evsys.c.o
 .debug_info    0x00004414      0x807 CMakeFiles/SZEN_PDU_0_1_default_default_XC32_compile.dir/C_/Users/forgi/MPLABProjects/SZEN_PDU_0.1/My_MCC_Config/src/config/default/peripheral/nvic/plib_nvic.c.o
 .debug_info    0x00004c1b      0x868 CMakeFiles/SZEN_PDU_0_1_default_default_XC32_compile.dir/C_/Users/forgi/MPLABProjects/SZEN_PDU_0.1/My_MCC_Config/src/config/default/peripheral/nvmctrl/plib_nvmctrl.c.o
 .debug_info    0x00005483      0x6fd CMakeFiles/SZEN_PDU_0_1_default_default_XC32_compile.dir/C_/Users/forgi/MPLABProjects/SZEN_PDU_0.1/My_MCC_Config/src/config/default/peripheral/port/plib_port.c.o
 .debug_info    0x00005b80     0x139d CMakeFiles/SZEN_PDU_0_1_default_default_XC32_compile.dir/e00de987e94e93d9f6e23d284cbe55ab/src/config/default/peripheral/sercom/i2c_master/plib_sercom1_i2c_master.c.o
 .debug_info    0x00006f1d      0x33a CMakeFiles/SZEN_PDU_0_1_default_default_XC32_compile.dir/C_/Users/forgi/MPLABProjects/SZEN_PDU_0.1/My_MCC_Config/src/config/default/peripheral/systick/plib_systick.c.o
 .debug_info    0x00007257      0x814 CMakeFiles/SZEN_PDU_0_1_default_default_XC32_compile.dir/C_/Users/forgi/MPLABProjects/SZEN_PDU_0.1/My_MCC_Config/src/config/default/peripheral/tc/plib_tc0.c.o
 .debug_info    0x00007a6b      0x31f CMakeFiles/SZEN_PDU_0_1_default_default_XC32_compile.dir/C_/Users/forgi/MPLABProjects/SZEN_PDU_0.1/My_MCC_Config/src/config/default/startup_xc32.c.o
 .debug_info    0x00007d8a       0xf5 CMakeFiles/SZEN_PDU_0_1_default_default_XC32_compile.dir/C_/Users/forgi/MPLABProjects/SZEN_PDU_0.1/My_MCC_Config/src/config/default/stdio/xc32_monitor.c.o
 .debug_info    0x00007e7f      0x328 CMakeFiles/SZEN_PDU_0_1_default_default_XC32_compile.dir/C_/Users/forgi/MPLABProjects/SZEN_PDU_0.1/My_MCC_Config/src/main.c.o
 .debug_info    0x000081a7      0x212 c:/PROGRA~1/MICROC~1/xc32/v5.00/bin/bin/../../lib/gcc/pic32c/13.2.1/../../../../pic32c/lib/thumb/v6-m/nofp\libpic32c.a(data_init.o)
 .debug_info    0x000083b9       0xed c:/PROGRA~1/MICROC~1/xc32/v5.00/bin/bin/../../lib/gcc/pic32c/13.2.1/../../../../pic32c/lib/thumb/v6-m/nofp\libc-size-musl.a(memcpy.o)
 .debug_info    0x000084a6      0x2fb c:/PROGRA~1/MICROC~1/xc32/v5.00/bin/bin/../../lib/gcc/pic32c/13.2.1/../../../../pic32c/lib/thumb/v6-m/nofp\libg-musl.a(__libc_start_main.o)
 .debug_info    0x000087a1      0x276 c:/PROGRA~1/MICROC~1/xc32/v5.00/bin/bin/../../lib/gcc/pic32c/13.2.1/../../../../pic32c/lib/thumb/v6-m/nofp\libg-musl.a(libc.o)
 .debug_info    0x00008a17      0x424 c:/PROGRA~1/MICROC~1/xc32/v5.00/bin/bin/../../lib/gcc/pic32c/13.2.1/../../../../pic32c/lib/thumb/v6-m/nofp\libg-musl.a(stdin.o)
 .debug_info    0x00008e3b      0x1e6 c:/PROGRA~1/MICROC~1/xc32/v5.00/bin/bin/../../lib/gcc/pic32c/13.2.1/../../../../pic32c/lib/thumb/v6-m/nofp\libg-musl.a(stdout.o)
 .debug_info    0x00009021      0x121 c:/PROGRA~1/MICROC~1/xc32/v5.00/bin/bin/../../lib/gcc/pic32c/13.2.1/../../../../pic32c/lib/thumb/v6-m/nofp\libg-musl.a(setbuf.o)
 .debug_info    0x00009142       0x97 c:/PROGRA~1/MICROC~1/xc32/v5.00/bin/bin/../../lib/gcc/pic32c/13.2.1/../../../../pic32c/lib/thumb/v6-m/nofp\libg-musl.a(__environ.o)
 .debug_info    0x000091d9      0x40b c:/PROGRA~1/MICROC~1/xc32/v5.00/bin/bin/../../lib/gcc/pic32c/13.2.1/../../../../pic32c/lib/thumb/v6-m/nofp\libg-musl.a(__stdio_read.o)
 .debug_info    0x000095e4      0x331 c:/PROGRA~1/MICROC~1/xc32/v5.00/bin/bin/../../lib/gcc/pic32c/13.2.1/../../../../pic32c/lib/thumb/v6-m/nofp\libg-musl.a(__towrite_rw.o)
 .debug_info    0x00009915      0x2ea c:/PROGRA~1/MICROC~1/xc32/v5.00/bin/bin/../../lib/gcc/pic32c/13.2.1/../../../../pic32c/lib/thumb/v6-m/nofp\libg-musl.a(setvbuf.o)
 .debug_info    0x00009bff      0x163 c:/PROGRA~1/MICROC~1/xc32/v5.00/bin/bin/../../lib/gcc/pic32c/13.2.1/../../../../pic32c/lib/thumb/v6-m/nofp\libg-musl.a(readv.o)
 .debug_info    0x00009d62       0xc3 c:/PROGRA~1/MICROC~1/xc32/v5.00/bin/bin/../../lib/gcc/pic32c/13.2.1/../../../../pic32c/lib/thumb/v6-m/nofp\libg-musl.a(__init_stdio.o)
 .debug_info    0x00009e25      0x2fb c:/PROGRA~1/MICROC~1/xc32/v5.00/bin/bin/../../lib/gcc/pic32c/13.2.1/../../../../pic32c/lib/thumb/v6-m/nofp\libg-musl.a(__out.o)
 .debug_info    0x0000a120      0x3e7 c:/PROGRA~1/MICROC~1/xc32/v5.00/bin/bin/../../lib/gcc/pic32c/13.2.1/../../../../pic32c/lib/thumb/v6-m/nofp\libg-musl.a(__stderr.o)
 .debug_info    0x0000a507      0x419 c:/PROGRA~1/MICROC~1/xc32/v5.00/bin/bin/../../lib/gcc/pic32c/13.2.1/../../../../pic32c/lib/thumb/v6-m/nofp\libg-musl.a(__stdio_close.o)
 .debug_info    0x0000a920      0x485 c:/PROGRA~1/MICROC~1/xc32/v5.00/bin/bin/../../lib/gcc/pic32c/13.2.1/../../../../pic32c/lib/thumb/v6-m/nofp\libg-musl.a(__stdio_write.o)
 .debug_info    0x0000ada5      0x3e7 c:/PROGRA~1/MICROC~1/xc32/v5.00/bin/bin/../../lib/gcc/pic32c/13.2.1/../../../../pic32c/lib/thumb/v6-m/nofp\libg-musl.a(__stdout.o)
 .debug_info    0x0000b18c      0x275 c:/PROGRA~1/MICROC~1/xc32/v5.00/bin/bin/../../lib/gcc/pic32c/13.2.1/../../../../pic32c/lib/thumb/v6-m/nofp\libg-musl.a(__towrite.o)
 .debug_info    0x0000b401      0x16a c:/PROGRA~1/MICROC~1/xc32/v5.00/bin/bin/../../lib/gcc/pic32c/13.2.1/../../../../pic32c/lib/thumb/v6-m/nofp\libg-musl.a(writev.o)
 .debug_info    0x0000b56b       0xa6 c:/PROGRA~1/MICROC~1/xc32/v5.00/bin/bin/../../lib/gcc/pic32c/13.2.1/../../../../pic32c/lib/thumb/v6-m/nofp\libpic32c.a(close.o)
 .debug_info    0x0000b611       0xbc c:/PROGRA~1/MICROC~1/xc32/v5.00/bin/bin/../../lib/gcc/pic32c/13.2.1/../../../../pic32c/lib/thumb/v6-m/nofp\libpic32c.a(lseek.o)
 .debug_info    0x0000b6cd      0x1dc c:/PROGRA~1/MICROC~1/xc32/v5.00/bin/bin/../../lib/gcc/pic32c/13.2.1/../../../../pic32c/lib/thumb/v6-m/nofp\liblmalloc-musl.a(lite_malloc.o)
 .debug_info    0x0000b8a9      0x276 c:/PROGRA~1/MICROC~1/xc32/v5.00/bin/bin/../../lib/gcc/pic32c/13.2.1/../../../../pic32c/lib/thumb/v6-m/nofp\liblmalloc-musl.a(lite_free.o)
 .debug_info    0x0000bb1f       0x5b c:/PROGRA~1/MICROC~1/xc32/v5.00/bin/bin/../../lib/gcc/pic32c/13.2.1/../../../../pic32c/lib/thumb/v6-m/nofp\libg-musl.a(__errno_location.o)
 .debug_info    0x0000bb7a      0x115 c:/PROGRA~1/MICROC~1/xc32/v5.00/bin/bin/../../lib/gcc/pic32c/13.2.1/../../../../pic32c/lib/thumb/v6-m/nofp\libg-musl.a(expand_heap.o)
 .debug_info    0x0000bc8f      0x186 c:/PROGRA~1/MICROC~1/xc32/v5.00/bin/bin/../../lib/gcc/pic32c/13.2.1/../../../../pic32c/lib/thumb/v6-m/nofp\libpic32c.a(sbrk.o)
 .debug_info    0x0000be15      0x117 c:/PROGRA~1/MICROC~1/xc32/v5.00/bin/bin/../../lib/gcc/pic32c/13.2.1/../../../../pic32c/lib/thumb/v6-m/nofp\libpic32c.a(pic32_data_init_clear.o)
 .debug_info    0x0000bf2c      0x12c c:/PROGRA~1/MICROC~1/xc32/v5.00/bin/bin/../../lib/gcc/pic32c/13.2.1/../../../../pic32c/lib/thumb/v6-m/nofp\libpic32c.a(pic32_data_init_copy.o)

.debug_abbrev   0x00000000     0x3c6a
 .debug_abbrev  0x00000000       0x49 CMakeFiles/SZEN_PDU_0_1_default_default_XC32_compile.dir/C_/Users/forgi/MPLABProjects/SZEN_PDU_0.1/My_MCC_Config/src/config/default/exceptions.c.o
 .debug_abbrev  0x00000049      0x180 CMakeFiles/SZEN_PDU_0_1_default_default_XC32_compile.dir/C_/Users/forgi/MPLABProjects/SZEN_PDU_0.1/My_MCC_Config/src/config/default/initialization.c.o
 .debug_abbrev  0x000001c9       0xf8 CMakeFiles/SZEN_PDU_0_1_default_default_XC32_compile.dir/C_/Users/forgi/MPLABProjects/SZEN_PDU_0.1/My_MCC_Config/src/config/default/interrupts.c.o
 .debug_abbrev  0x000002c1      0x172 CMakeFiles/SZEN_PDU_0_1_default_default_XC32_compile.dir/C_/Users/forgi/MPLABProjects/SZEN_PDU_0.1/My_MCC_Config/src/config/default/peripheral/adc/plib_adc0.c.o
 .debug_abbrev  0x00000433      0x172 CMakeFiles/SZEN_PDU_0_1_default_default_XC32_compile.dir/C_/Users/forgi/MPLABProjects/SZEN_PDU_0.1/My_MCC_Config/src/config/default/peripheral/adc/plib_adc1.c.o
 .debug_abbrev  0x000005a5      0x32f CMakeFiles/SZEN_PDU_0_1_default_default_XC32_compile.dir/C_/Users/forgi/MPLABProjects/SZEN_PDU_0.1/My_MCC_Config/src/config/default/peripheral/can/plib_can0.c.o
 .debug_abbrev  0x000008d4      0x32f CMakeFiles/SZEN_PDU_0_1_default_default_XC32_compile.dir/C_/Users/forgi/MPLABProjects/SZEN_PDU_0.1/My_MCC_Config/src/config/default/peripheral/can/plib_can1.c.o
 .debug_abbrev  0x00000c03      0x140 CMakeFiles/SZEN_PDU_0_1_default_default_XC32_compile.dir/C_/Users/forgi/MPLABProjects/SZEN_PDU_0.1/My_MCC_Config/src/config/default/peripheral/clock/plib_clock.c.o
 .debug_abbrev  0x00000d43       0x46 CMakeFiles/SZEN_PDU_0_1_default_default_XC32_compile.dir/C_/Users/forgi/MPLABProjects/SZEN_PDU_0.1/My_MCC_Config/src/config/default/peripheral/evsys/plib_evsys.c.o
 .debug_abbrev  0x00000d89      0x24c CMakeFiles/SZEN_PDU_0_1_default_default_XC32_compile.dir/C_/Users/forgi/MPLABProjects/SZEN_PDU_0.1/My_MCC_Config/src/config/default/peripheral/nvic/plib_nvic.c.o
 .debug_abbrev  0x00000fd5      0x21e CMakeFiles/SZEN_PDU_0_1_default_default_XC32_compile.dir/C_/Users/forgi/MPLABProjects/SZEN_PDU_0.1/My_MCC_Config/src/config/default/peripheral/nvmctrl/plib_nvmctrl.c.o
 .debug_abbrev  0x000011f3      0x1ea CMakeFiles/SZEN_PDU_0_1_default_default_XC32_compile.dir/C_/Users/forgi/MPLABProjects/SZEN_PDU_0.1/My_MCC_Config/src/config/default/peripheral/port/plib_port.c.o
 .debug_abbrev  0x000013dd      0x3c2 CMakeFiles/SZEN_PDU_0_1_default_default_XC32_compile.dir/e00de987e94e93d9f6e23d284cbe55ab/src/config/default/peripheral/sercom/i2c_master/plib_sercom1_i2c_master.c.o
 .debug_abbrev  0x0000179f      0x110 CMakeFiles/SZEN_PDU_0_1_default_default_XC32_compile.dir/C_/Users/forgi/MPLABProjects/SZEN_PDU_0.1/My_MCC_Config/src/config/default/peripheral/systick/plib_systick.c.o
 .debug_abbrev  0x000018af      0x1be CMakeFiles/SZEN_PDU_0_1_default_default_XC32_compile.dir/C_/Users/forgi/MPLABProjects/SZEN_PDU_0.1/My_MCC_Config/src/config/default/peripheral/tc/plib_tc0.c.o
 .debug_abbrev  0x00001a6d      0x190 CMakeFiles/SZEN_PDU_0_1_default_default_XC32_compile.dir/C_/Users/forgi/MPLABProjects/SZEN_PDU_0.1/My_MCC_Config/src/config/default/startup_xc32.c.o
 .debug_abbrev  0x00001bfd       0xb2 CMakeFiles/SZEN_PDU_0_1_default_default_XC32_compile.dir/C_/Users/forgi/MPLABProjects/SZEN_PDU_0.1/My_MCC_Config/src/config/default/stdio/xc32_monitor.c.o
 .debug_abbrev  0x00001caf      0x11a CMakeFiles/SZEN_PDU_0_1_default_default_XC32_compile.dir/C_/Users/forgi/MPLABProjects/SZEN_PDU_0.1/My_MCC_Config/src/main.c.o
 .debug_abbrev  0x00001dc9      0x156 c:/PROGRA~1/MICROC~1/xc32/v5.00/bin/bin/../../lib/gcc/pic32c/13.2.1/../../../../pic32c/lib/thumb/v6-m/nofp\libpic32c.a(data_init.o)
 .debug_abbrev  0x00001f1f       0xbb c:/PROGRA~1/MICROC~1/xc32/v5.00/bin/bin/../../lib/gcc/pic32c/13.2.1/../../../../pic32c/lib/thumb/v6-m/nofp\libc-size-musl.a(memcpy.o)
 .debug_abbrev  0x00001fda      0x133 c:/PROGRA~1/MICROC~1/xc32/v5.00/bin/bin/../../lib/gcc/pic32c/13.2.1/../../../../pic32c/lib/thumb/v6-m/nofp\libg-musl.a(__libc_start_main.o)
 .debug_abbrev  0x0000210d       0xd4 c:/PROGRA~1/MICROC~1/xc32/v5.00/bin/bin/../../lib/gcc/pic32c/13.2.1/../../../../pic32c/lib/thumb/v6-m/nofp\libg-musl.a(libc.o)
 .debug_abbrev  0x000021e1      0x1c9 c:/PROGRA~1/MICROC~1/xc32/v5.00/bin/bin/../../lib/gcc/pic32c/13.2.1/../../../../pic32c/lib/thumb/v6-m/nofp\libg-musl.a(stdin.o)
 .debug_abbrev  0x000023aa      0x144 c:/PROGRA~1/MICROC~1/xc32/v5.00/bin/bin/../../lib/gcc/pic32c/13.2.1/../../../../pic32c/lib/thumb/v6-m/nofp\libg-musl.a(stdout.o)
 .debug_abbrev  0x000024ee       0xbf c:/PROGRA~1/MICROC~1/xc32/v5.00/bin/bin/../../lib/gcc/pic32c/13.2.1/../../../../pic32c/lib/thumb/v6-m/nofp\libg-musl.a(setbuf.o)
 .debug_abbrev  0x000025ad       0x62 c:/PROGRA~1/MICROC~1/xc32/v5.00/bin/bin/../../lib/gcc/pic32c/13.2.1/../../../../pic32c/lib/thumb/v6-m/nofp\libg-musl.a(__environ.o)
 .debug_abbrev  0x0000260f      0x176 c:/PROGRA~1/MICROC~1/xc32/v5.00/bin/bin/../../lib/gcc/pic32c/13.2.1/../../../../pic32c/lib/thumb/v6-m/nofp\libg-musl.a(__stdio_read.o)
 .debug_abbrev  0x00002785       0xf8 c:/PROGRA~1/MICROC~1/xc32/v5.00/bin/bin/../../lib/gcc/pic32c/13.2.1/../../../../pic32c/lib/thumb/v6-m/nofp\libg-musl.a(__towrite_rw.o)
 .debug_abbrev  0x0000287d      0x152 c:/PROGRA~1/MICROC~1/xc32/v5.00/bin/bin/../../lib/gcc/pic32c/13.2.1/../../../../pic32c/lib/thumb/v6-m/nofp\libg-musl.a(setvbuf.o)
 .debug_abbrev  0x000029cf      0x101 c:/PROGRA~1/MICROC~1/xc32/v5.00/bin/bin/../../lib/gcc/pic32c/13.2.1/../../../../pic32c/lib/thumb/v6-m/nofp\libg-musl.a(readv.o)
 .debug_abbrev  0x00002ad0       0x65 c:/PROGRA~1/MICROC~1/xc32/v5.00/bin/bin/../../lib/gcc/pic32c/13.2.1/../../../../pic32c/lib/thumb/v6-m/nofp\libg-musl.a(__init_stdio.o)
 .debug_abbrev  0x00002b35      0x184 c:/PROGRA~1/MICROC~1/xc32/v5.00/bin/bin/../../lib/gcc/pic32c/13.2.1/../../../../pic32c/lib/thumb/v6-m/nofp\libg-musl.a(__out.o)
 .debug_abbrev  0x00002cb9      0x194 c:/PROGRA~1/MICROC~1/xc32/v5.00/bin/bin/../../lib/gcc/pic32c/13.2.1/../../../../pic32c/lib/thumb/v6-m/nofp\libg-musl.a(__stderr.o)
 .debug_abbrev  0x00002e4d      0x16e c:/PROGRA~1/MICROC~1/xc32/v5.00/bin/bin/../../lib/gcc/pic32c/13.2.1/../../../../pic32c/lib/thumb/v6-m/nofp\libg-musl.a(__stdio_close.o)
 .debug_abbrev  0x00002fbb      0x1c5 c:/PROGRA~1/MICROC~1/xc32/v5.00/bin/bin/../../lib/gcc/pic32c/13.2.1/../../../../pic32c/lib/thumb/v6-m/nofp\libg-musl.a(__stdio_write.o)
 .debug_abbrev  0x00003180      0x194 c:/PROGRA~1/MICROC~1/xc32/v5.00/bin/bin/../../lib/gcc/pic32c/13.2.1/../../../../pic32c/lib/thumb/v6-m/nofp\libg-musl.a(__stdout.o)
 .debug_abbrev  0x00003314      0x114 c:/PROGRA~1/MICROC~1/xc32/v5.00/bin/bin/../../lib/gcc/pic32c/13.2.1/../../../../pic32c/lib/thumb/v6-m/nofp\libg-musl.a(__towrite.o)
 .debug_abbrev  0x00003428      0x106 c:/PROGRA~1/MICROC~1/xc32/v5.00/bin/bin/../../lib/gcc/pic32c/13.2.1/../../../../pic32c/lib/thumb/v6-m/nofp\libg-musl.a(writev.o)
 .debug_abbrev  0x0000352e       0x81 c:/PROGRA~1/MICROC~1/xc32/v5.00/bin/bin/../../lib/gcc/pic32c/13.2.1/../../../../pic32c/lib/thumb/v6-m/nofp\libpic32c.a(close.o)
 .debug_abbrev  0x000035af       0x92 c:/PROGRA~1/MICROC~1/xc32/v5.00/bin/bin/../../lib/gcc/pic32c/13.2.1/../../../../pic32c/lib/thumb/v6-m/nofp\libpic32c.a(lseek.o)
 .debug_abbrev  0x00003641      0x13d c:/PROGRA~1/MICROC~1/xc32/v5.00/bin/bin/../../lib/gcc/pic32c/13.2.1/../../../../pic32c/lib/thumb/v6-m/nofp\liblmalloc-musl.a(lite_malloc.o)
 .debug_abbrev  0x0000377e      0x184 c:/PROGRA~1/MICROC~1/xc32/v5.00/bin/bin/../../lib/gcc/pic32c/13.2.1/../../../../pic32c/lib/thumb/v6-m/nofp\liblmalloc-musl.a(lite_free.o)
 .debug_abbrev  0x00003902       0x39 c:/PROGRA~1/MICROC~1/xc32/v5.00/bin/bin/../../lib/gcc/pic32c/13.2.1/../../../../pic32c/lib/thumb/v6-m/nofp\libg-musl.a(__errno_location.o)
 .debug_abbrev  0x0000393b       0xcc c:/PROGRA~1/MICROC~1/xc32/v5.00/bin/bin/../../lib/gcc/pic32c/13.2.1/../../../../pic32c/lib/thumb/v6-m/nofp\libg-musl.a(expand_heap.o)
 .debug_abbrev  0x00003a07      0x105 c:/PROGRA~1/MICROC~1/xc32/v5.00/bin/bin/../../lib/gcc/pic32c/13.2.1/../../../../pic32c/lib/thumb/v6-m/nofp\libpic32c.a(sbrk.o)
 .debug_abbrev  0x00003b0c       0xa5 c:/PROGRA~1/MICROC~1/xc32/v5.00/bin/bin/../../lib/gcc/pic32c/13.2.1/../../../../pic32c/lib/thumb/v6-m/nofp\libpic32c.a(pic32_data_init_clear.o)
 .debug_abbrev  0x00003bb1       0xb9 c:/PROGRA~1/MICROC~1/xc32/v5.00/bin/bin/../../lib/gcc/pic32c/13.2.1/../../../../pic32c/lib/thumb/v6-m/nofp\libpic32c.a(pic32_data_init_copy.o)

.debug_aranges  0x00000000      0xa48
 .debug_aranges
                0x00000000       0x28 CMakeFiles/SZEN_PDU_0_1_default_default_XC32_compile.dir/C_/Users/forgi/MPLABProjects/SZEN_PDU_0.1/My_MCC_Config/src/config/default/exceptions.c.o
 .debug_aranges
                0x00000028       0x20 CMakeFiles/SZEN_PDU_0_1_default_default_XC32_compile.dir/C_/Users/forgi/MPLABProjects/SZEN_PDU_0.1/My_MCC_Config/src/config/default/initialization.c.o
 .debug_aranges
                0x00000048       0x28 CMakeFiles/SZEN_PDU_0_1_default_default_XC32_compile.dir/C_/Users/forgi/MPLABProjects/SZEN_PDU_0.1/My_MCC_Config/src/config/default/interrupts.c.o
 .debug_aranges
                0x00000070       0x80 CMakeFiles/SZEN_PDU_0_1_default_default_XC32_compile.dir/C_/Users/forgi/MPLABProjects/SZEN_PDU_0.1/My_MCC_Config/src/config/default/peripheral/adc/plib_adc0.c.o
 .debug_aranges
                0x000000f0       0x80 CMakeFiles/SZEN_PDU_0_1_default_default_XC32_compile.dir/C_/Users/forgi/MPLABProjects/SZEN_PDU_0.1/My_MCC_Config/src/config/default/peripheral/adc/plib_adc1.c.o
 .debug_aranges
                0x00000170       0xa0 CMakeFiles/SZEN_PDU_0_1_default_default_XC32_compile.dir/C_/Users/forgi/MPLABProjects/SZEN_PDU_0.1/My_MCC_Config/src/config/default/peripheral/can/plib_can0.c.o
 .debug_aranges
                0x00000210       0xa0 CMakeFiles/SZEN_PDU_0_1_default_default_XC32_compile.dir/C_/Users/forgi/MPLABProjects/SZEN_PDU_0.1/My_MCC_Config/src/config/default/peripheral/can/plib_can1.c.o
 .debug_aranges
                0x000002b0       0x20 CMakeFiles/SZEN_PDU_0_1_default_default_XC32_compile.dir/C_/Users/forgi/MPLABProjects/SZEN_PDU_0.1/My_MCC_Config/src/config/default/peripheral/clock/plib_clock.c.o
 .debug_aranges
                0x000002d0       0x20 CMakeFiles/SZEN_PDU_0_1_default_default_XC32_compile.dir/C_/Users/forgi/MPLABProjects/SZEN_PDU_0.1/My_MCC_Config/src/config/default/peripheral/evsys/plib_evsys.c.o
 .debug_aranges
                0x000002f0       0x48 CMakeFiles/SZEN_PDU_0_1_default_default_XC32_compile.dir/C_/Users/forgi/MPLABProjects/SZEN_PDU_0.1/My_MCC_Config/src/config/default/peripheral/nvic/plib_nvic.c.o
 .debug_aranges
                0x00000338       0xb0 CMakeFiles/SZEN_PDU_0_1_default_default_XC32_compile.dir/C_/Users/forgi/MPLABProjects/SZEN_PDU_0.1/My_MCC_Config/src/config/default/peripheral/nvmctrl/plib_nvmctrl.c.o
 .debug_aranges
                0x000003e8       0x70 CMakeFiles/SZEN_PDU_0_1_default_default_XC32_compile.dir/C_/Users/forgi/MPLABProjects/SZEN_PDU_0.1/My_MCC_Config/src/config/default/peripheral/port/plib_port.c.o
 .debug_aranges
                0x00000458       0x78 CMakeFiles/SZEN_PDU_0_1_default_default_XC32_compile.dir/e00de987e94e93d9f6e23d284cbe55ab/src/config/default/peripheral/sercom/i2c_master/plib_sercom1_i2c_master.c.o
 .debug_aranges
                0x000004d0       0x70 CMakeFiles/SZEN_PDU_0_1_default_default_XC32_compile.dir/C_/Users/forgi/MPLABProjects/SZEN_PDU_0.1/My_MCC_Config/src/config/default/peripheral/systick/plib_systick.c.o
 .debug_aranges
                0x00000540       0x70 CMakeFiles/SZEN_PDU_0_1_default_default_XC32_compile.dir/C_/Users/forgi/MPLABProjects/SZEN_PDU_0.1/My_MCC_Config/src/config/default/peripheral/tc/plib_tc0.c.o
 .debug_aranges
                0x000005b0       0x28 CMakeFiles/SZEN_PDU_0_1_default_default_XC32_compile.dir/C_/Users/forgi/MPLABProjects/SZEN_PDU_0.1/My_MCC_Config/src/config/default/startup_xc32.c.o
 .debug_aranges
                0x000005d8       0x28 CMakeFiles/SZEN_PDU_0_1_default_default_XC32_compile.dir/C_/Users/forgi/MPLABProjects/SZEN_PDU_0.1/My_MCC_Config/src/config/default/stdio/xc32_monitor.c.o
 .debug_aranges
                0x00000600       0x20 CMakeFiles/SZEN_PDU_0_1_default_default_XC32_compile.dir/C_/Users/forgi/MPLABProjects/SZEN_PDU_0.1/My_MCC_Config/src/main.c.o
 .debug_aranges
                0x00000620       0x30 c:/PROGRA~1/MICROC~1/xc32/v5.00/bin/bin/../../lib/gcc/pic32c/13.2.1/../../../../pic32c/lib/thumb/v6-m/nofp\libpic32c.a(data_init.o)
 .debug_aranges
                0x00000650       0x20 c:/PROGRA~1/MICROC~1/xc32/v5.00/bin/bin/../../lib/gcc/pic32c/13.2.1/../../../../pic32c/lib/thumb/v6-m/nofp\libc-size-musl.a(memcpy.o)
 .debug_aranges
                0x00000670       0x28 c:/PROGRA~1/MICROC~1/xc32/v5.00/bin/bin/../../lib/gcc/pic32c/13.2.1/../../../../pic32c/lib/thumb/v6-m/nofp\libg-musl.a(__libc_start_main.o)
 .debug_aranges
                0x00000698       0x18 c:/PROGRA~1/MICROC~1/xc32/v5.00/bin/bin/../../lib/gcc/pic32c/13.2.1/../../../../pic32c/lib/thumb/v6-m/nofp\libg-musl.a(libc.o)
 .debug_aranges
                0x000006b0       0x28 c:/PROGRA~1/MICROC~1/xc32/v5.00/bin/bin/../../lib/gcc/pic32c/13.2.1/../../../../pic32c/lib/thumb/v6-m/nofp\libg-musl.a(stdin.o)
 .debug_aranges
                0x000006d8       0x30 c:/PROGRA~1/MICROC~1/xc32/v5.00/bin/bin/../../lib/gcc/pic32c/13.2.1/../../../../pic32c/lib/thumb/v6-m/nofp\libg-musl.a(stdout.o)
 .debug_aranges
                0x00000708       0x20 c:/PROGRA~1/MICROC~1/xc32/v5.00/bin/bin/../../lib/gcc/pic32c/13.2.1/../../../../pic32c/lib/thumb/v6-m/nofp\libg-musl.a(setbuf.o)
 .debug_aranges
                0x00000728       0x18 c:/PROGRA~1/MICROC~1/xc32/v5.00/bin/bin/../../lib/gcc/pic32c/13.2.1/../../../../pic32c/lib/thumb/v6-m/nofp\libg-musl.a(__environ.o)
 .debug_aranges
                0x00000740       0x20 c:/PROGRA~1/MICROC~1/xc32/v5.00/bin/bin/../../lib/gcc/pic32c/13.2.1/../../../../pic32c/lib/thumb/v6-m/nofp\libg-musl.a(__stdio_read.o)
 .debug_aranges
                0x00000760       0x20 c:/PROGRA~1/MICROC~1/xc32/v5.00/bin/bin/../../lib/gcc/pic32c/13.2.1/../../../../pic32c/lib/thumb/v6-m/nofp\libg-musl.a(__towrite_rw.o)
 .debug_aranges
                0x00000780       0x28 c:/PROGRA~1/MICROC~1/xc32/v5.00/bin/bin/../../lib/gcc/pic32c/13.2.1/../../../../pic32c/lib/thumb/v6-m/nofp\libg-musl.a(setvbuf.o)
 .debug_aranges
                0x000007a8       0x20 c:/PROGRA~1/MICROC~1/xc32/v5.00/bin/bin/../../lib/gcc/pic32c/13.2.1/../../../../pic32c/lib/thumb/v6-m/nofp\libg-musl.a(readv.o)
 .debug_aranges
                0x000007c8       0x28 c:/PROGRA~1/MICROC~1/xc32/v5.00/bin/bin/../../lib/gcc/pic32c/13.2.1/../../../../pic32c/lib/thumb/v6-m/nofp\libg-musl.a(__init_stdio.o)
 .debug_aranges
                0x000007f0       0x28 c:/PROGRA~1/MICROC~1/xc32/v5.00/bin/bin/../../lib/gcc/pic32c/13.2.1/../../../../pic32c/lib/thumb/v6-m/nofp\libg-musl.a(__out.o)
 .debug_aranges
                0x00000818       0x30 c:/PROGRA~1/MICROC~1/xc32/v5.00/bin/bin/../../lib/gcc/pic32c/13.2.1/../../../../pic32c/lib/thumb/v6-m/nofp\libg-musl.a(__stderr.o)
 .debug_aranges
                0x00000848       0x28 c:/PROGRA~1/MICROC~1/xc32/v5.00/bin/bin/../../lib/gcc/pic32c/13.2.1/../../../../pic32c/lib/thumb/v6-m/nofp\libg-musl.a(__stdio_close.o)
 .debug_aranges
                0x00000870       0x28 c:/PROGRA~1/MICROC~1/xc32/v5.00/bin/bin/../../lib/gcc/pic32c/13.2.1/../../../../pic32c/lib/thumb/v6-m/nofp\libg-musl.a(__stdio_write.o)
 .debug_aranges
                0x00000898       0x30 c:/PROGRA~1/MICROC~1/xc32/v5.00/bin/bin/../../lib/gcc/pic32c/13.2.1/../../../../pic32c/lib/thumb/v6-m/nofp\libg-musl.a(__stdout.o)
 .debug_aranges
                0x000008c8       0x28 c:/PROGRA~1/MICROC~1/xc32/v5.00/bin/bin/../../lib/gcc/pic32c/13.2.1/../../../../pic32c/lib/thumb/v6-m/nofp\libg-musl.a(__towrite.o)
 .debug_aranges
                0x000008f0       0x20 c:/PROGRA~1/MICROC~1/xc32/v5.00/bin/bin/../../lib/gcc/pic32c/13.2.1/../../../../pic32c/lib/thumb/v6-m/nofp\libg-musl.a(writev.o)
 .debug_aranges
                0x00000910       0x20 c:/PROGRA~1/MICROC~1/xc32/v5.00/bin/bin/../../lib/gcc/pic32c/13.2.1/../../../../pic32c/lib/thumb/v6-m/nofp\libpic32c.a(close.o)
 .debug_aranges
                0x00000930       0x20 c:/PROGRA~1/MICROC~1/xc32/v5.00/bin/bin/../../lib/gcc/pic32c/13.2.1/../../../../pic32c/lib/thumb/v6-m/nofp\libpic32c.a(lseek.o)
 .debug_aranges
                0x00000950       0x20 c:/PROGRA~1/MICROC~1/xc32/v5.00/bin/bin/../../lib/gcc/pic32c/13.2.1/../../../../pic32c/lib/thumb/v6-m/nofp\liblmalloc-musl.a(lite_malloc.o)
 .debug_aranges
                0x00000970       0x30 c:/PROGRA~1/MICROC~1/xc32/v5.00/bin/bin/../../lib/gcc/pic32c/13.2.1/../../../../pic32c/lib/thumb/v6-m/nofp\liblmalloc-musl.a(lite_free.o)
 .debug_aranges
                0x000009a0       0x18 c:/PROGRA~1/MICROC~1/xc32/v5.00/bin/bin/../../lib/gcc/pic32c/13.2.1/../../../../pic32c/lib/thumb/v6-m/nofp\libg-musl.a(__errno_location.o)
 .debug_aranges
                0x000009b8       0x20 c:/PROGRA~1/MICROC~1/xc32/v5.00/bin/bin/../../lib/gcc/pic32c/13.2.1/../../../../pic32c/lib/thumb/v6-m/nofp\libg-musl.a(expand_heap.o)
 .debug_aranges
                0x000009d8       0x30 c:/PROGRA~1/MICROC~1/xc32/v5.00/bin/bin/../../lib/gcc/pic32c/13.2.1/../../../../pic32c/lib/thumb/v6-m/nofp\libpic32c.a(sbrk.o)
 .debug_aranges
                0x00000a08       0x20 c:/PROGRA~1/MICROC~1/xc32/v5.00/bin/bin/../../lib/gcc/pic32c/13.2.1/../../../../pic32c/lib/thumb/v6-m/nofp\libpic32c.a(pic32_data_init_clear.o)
 .debug_aranges
                0x00000a28       0x20 c:/PROGRA~1/MICROC~1/xc32/v5.00/bin/bin/../../lib/gcc/pic32c/13.2.1/../../../../pic32c/lib/thumb/v6-m/nofp\libpic32c.a(pic32_data_init_copy.o)

.debug_ranges   0x00000000      0x868
 .debug_ranges  0x00000000       0x18 CMakeFiles/SZEN_PDU_0_1_default_default_XC32_compile.dir/C_/Users/forgi/MPLABProjects/SZEN_PDU_0.1/My_MCC_Config/src/config/default/exceptions.c.o
 .debug_ranges  0x00000018       0x10 CMakeFiles/SZEN_PDU_0_1_default_default_XC32_compile.dir/C_/Users/forgi/MPLABProjects/SZEN_PDU_0.1/My_MCC_Config/src/config/default/initialization.c.o
 .debug_ranges  0x00000028       0x18 CMakeFiles/SZEN_PDU_0_1_default_default_XC32_compile.dir/C_/Users/forgi/MPLABProjects/SZEN_PDU_0.1/My_MCC_Config/src/config/default/interrupts.c.o
 .debug_ranges  0x00000040       0x70 CMakeFiles/SZEN_PDU_0_1_default_default_XC32_compile.dir/C_/Users/forgi/MPLABProjects/SZEN_PDU_0.1/My_MCC_Config/src/config/default/peripheral/adc/plib_adc0.c.o
 .debug_ranges  0x000000b0       0x70 CMakeFiles/SZEN_PDU_0_1_default_default_XC32_compile.dir/C_/Users/forgi/MPLABProjects/SZEN_PDU_0.1/My_MCC_Config/src/config/default/peripheral/adc/plib_adc1.c.o
 .debug_ranges  0x00000120       0x90 CMakeFiles/SZEN_PDU_0_1_default_default_XC32_compile.dir/C_/Users/forgi/MPLABProjects/SZEN_PDU_0.1/My_MCC_Config/src/config/default/peripheral/can/plib_can0.c.o
 .debug_ranges  0x000001b0       0x90 CMakeFiles/SZEN_PDU_0_1_default_default_XC32_compile.dir/C_/Users/forgi/MPLABProjects/SZEN_PDU_0.1/My_MCC_Config/src/config/default/peripheral/can/plib_can1.c.o
 .debug_ranges  0x00000240       0x10 CMakeFiles/SZEN_PDU_0_1_default_default_XC32_compile.dir/C_/Users/forgi/MPLABProjects/SZEN_PDU_0.1/My_MCC_Config/src/config/default/peripheral/clock/plib_clock.c.o
 .debug_ranges  0x00000250       0x10 CMakeFiles/SZEN_PDU_0_1_default_default_XC32_compile.dir/C_/Users/forgi/MPLABProjects/SZEN_PDU_0.1/My_MCC_Config/src/config/default/peripheral/evsys/plib_evsys.c.o
 .debug_ranges  0x00000260       0x50 CMakeFiles/SZEN_PDU_0_1_default_default_XC32_compile.dir/C_/Users/forgi/MPLABProjects/SZEN_PDU_0.1/My_MCC_Config/src/config/default/peripheral/nvic/plib_nvic.c.o
 .debug_ranges  0x000002b0       0xa0 CMakeFiles/SZEN_PDU_0_1_default_default_XC32_compile.dir/C_/Users/forgi/MPLABProjects/SZEN_PDU_0.1/My_MCC_Config/src/config/default/peripheral/nvmctrl/plib_nvmctrl.c.o
 .debug_ranges  0x00000350       0x60 CMakeFiles/SZEN_PDU_0_1_default_default_XC32_compile.dir/C_/Users/forgi/MPLABProjects/SZEN_PDU_0.1/My_MCC_Config/src/config/default/peripheral/port/plib_port.c.o
 .debug_ranges  0x000003b0      0x130 CMakeFiles/SZEN_PDU_0_1_default_default_XC32_compile.dir/e00de987e94e93d9f6e23d284cbe55ab/src/config/default/peripheral/sercom/i2c_master/plib_sercom1_i2c_master.c.o
 .debug_ranges  0x000004e0       0x60 CMakeFiles/SZEN_PDU_0_1_default_default_XC32_compile.dir/C_/Users/forgi/MPLABProjects/SZEN_PDU_0.1/My_MCC_Config/src/config/default/peripheral/systick/plib_systick.c.o
 .debug_ranges  0x00000540       0x60 CMakeFiles/SZEN_PDU_0_1_default_default_XC32_compile.dir/C_/Users/forgi/MPLABProjects/SZEN_PDU_0.1/My_MCC_Config/src/config/default/peripheral/tc/plib_tc0.c.o
 .debug_ranges  0x000005a0       0x18 CMakeFiles/SZEN_PDU_0_1_default_default_XC32_compile.dir/C_/Users/forgi/MPLABProjects/SZEN_PDU_0.1/My_MCC_Config/src/config/default/startup_xc32.c.o
 .debug_ranges  0x000005b8       0x18 CMakeFiles/SZEN_PDU_0_1_default_default_XC32_compile.dir/C_/Users/forgi/MPLABProjects/SZEN_PDU_0.1/My_MCC_Config/src/config/default/stdio/xc32_monitor.c.o
 .debug_ranges  0x000005d0       0x10 CMakeFiles/SZEN_PDU_0_1_default_default_XC32_compile.dir/C_/Users/forgi/MPLABProjects/SZEN_PDU_0.1/My_MCC_Config/src/main.c.o
 .debug_ranges  0x000005e0       0x20 c:/PROGRA~1/MICROC~1/xc32/v5.00/bin/bin/../../lib/gcc/pic32c/13.2.1/../../../../pic32c/lib/thumb/v6-m/nofp\libpic32c.a(data_init.o)
 .debug_ranges  0x00000600       0x10 c:/PROGRA~1/MICROC~1/xc32/v5.00/bin/bin/../../lib/gcc/pic32c/13.2.1/../../../../pic32c/lib/thumb/v6-m/nofp\libc-size-musl.a(memcpy.o)
 .debug_ranges  0x00000610       0x30 c:/PROGRA~1/MICROC~1/xc32/v5.00/bin/bin/../../lib/gcc/pic32c/13.2.1/../../../../pic32c/lib/thumb/v6-m/nofp\libg-musl.a(__libc_start_main.o)
 .debug_ranges  0x00000640       0x18 c:/PROGRA~1/MICROC~1/xc32/v5.00/bin/bin/../../lib/gcc/pic32c/13.2.1/../../../../pic32c/lib/thumb/v6-m/nofp\libg-musl.a(stdin.o)
 .debug_ranges  0x00000658       0x20 c:/PROGRA~1/MICROC~1/xc32/v5.00/bin/bin/../../lib/gcc/pic32c/13.2.1/../../../../pic32c/lib/thumb/v6-m/nofp\libg-musl.a(stdout.o)
 .debug_ranges  0x00000678       0x10 c:/PROGRA~1/MICROC~1/xc32/v5.00/bin/bin/../../lib/gcc/pic32c/13.2.1/../../../../pic32c/lib/thumb/v6-m/nofp\libg-musl.a(setbuf.o)
 .debug_ranges  0x00000688       0x10 c:/PROGRA~1/MICROC~1/xc32/v5.00/bin/bin/../../lib/gcc/pic32c/13.2.1/../../../../pic32c/lib/thumb/v6-m/nofp\libg-musl.a(__stdio_read.o)
 .debug_ranges  0x00000698       0x10 c:/PROGRA~1/MICROC~1/xc32/v5.00/bin/bin/../../lib/gcc/pic32c/13.2.1/../../../../pic32c/lib/thumb/v6-m/nofp\libg-musl.a(__towrite_rw.o)
 .debug_ranges  0x000006a8       0x18 c:/PROGRA~1/MICROC~1/xc32/v5.00/bin/bin/../../lib/gcc/pic32c/13.2.1/../../../../pic32c/lib/thumb/v6-m/nofp\libg-musl.a(setvbuf.o)
 .debug_ranges  0x000006c0       0x10 c:/PROGRA~1/MICROC~1/xc32/v5.00/bin/bin/../../lib/gcc/pic32c/13.2.1/../../../../pic32c/lib/thumb/v6-m/nofp\libg-musl.a(readv.o)
 .debug_ranges  0x000006d0       0x18 c:/PROGRA~1/MICROC~1/xc32/v5.00/bin/bin/../../lib/gcc/pic32c/13.2.1/../../../../pic32c/lib/thumb/v6-m/nofp\libg-musl.a(__init_stdio.o)
 .debug_ranges  0x000006e8       0x18 c:/PROGRA~1/MICROC~1/xc32/v5.00/bin/bin/../../lib/gcc/pic32c/13.2.1/../../../../pic32c/lib/thumb/v6-m/nofp\libg-musl.a(__out.o)
 .debug_ranges  0x00000700       0x20 c:/PROGRA~1/MICROC~1/xc32/v5.00/bin/bin/../../lib/gcc/pic32c/13.2.1/../../../../pic32c/lib/thumb/v6-m/nofp\libg-musl.a(__stderr.o)
 .debug_ranges  0x00000720       0x18 c:/PROGRA~1/MICROC~1/xc32/v5.00/bin/bin/../../lib/gcc/pic32c/13.2.1/../../../../pic32c/lib/thumb/v6-m/nofp\libg-musl.a(__stdio_close.o)
 .debug_ranges  0x00000738       0x30 c:/PROGRA~1/MICROC~1/xc32/v5.00/bin/bin/../../lib/gcc/pic32c/13.2.1/../../../../pic32c/lib/thumb/v6-m/nofp\libg-musl.a(__stdio_write.o)
 .debug_ranges  0x00000768       0x20 c:/PROGRA~1/MICROC~1/xc32/v5.00/bin/bin/../../lib/gcc/pic32c/13.2.1/../../../../pic32c/lib/thumb/v6-m/nofp\libg-musl.a(__stdout.o)
 .debug_ranges  0x00000788       0x18 c:/PROGRA~1/MICROC~1/xc32/v5.00/bin/bin/../../lib/gcc/pic32c/13.2.1/../../../../pic32c/lib/thumb/v6-m/nofp\libg-musl.a(__towrite.o)
 .debug_ranges  0x000007a0       0x10 c:/PROGRA~1/MICROC~1/xc32/v5.00/bin/bin/../../lib/gcc/pic32c/13.2.1/../../../../pic32c/lib/thumb/v6-m/nofp\libg-musl.a(writev.o)
 .debug_ranges  0x000007b0       0x10 c:/PROGRA~1/MICROC~1/xc32/v5.00/bin/bin/../../lib/gcc/pic32c/13.2.1/../../../../pic32c/lib/thumb/v6-m/nofp\libpic32c.a(close.o)
 .debug_ranges  0x000007c0       0x10 c:/PROGRA~1/MICROC~1/xc32/v5.00/bin/bin/../../lib/gcc/pic32c/13.2.1/../../../../pic32c/lib/thumb/v6-m/nofp\libpic32c.a(lseek.o)
 .debug_ranges  0x000007d0       0x28 c:/PROGRA~1/MICROC~1/xc32/v5.00/bin/bin/../../lib/gcc/pic32c/13.2.1/../../../../pic32c/lib/thumb/v6-m/nofp\liblmalloc-musl.a(lite_malloc.o)
 .debug_ranges  0x000007f8       0x20 c:/PROGRA~1/MICROC~1/xc32/v5.00/bin/bin/../../lib/gcc/pic32c/13.2.1/../../../../pic32c/lib/thumb/v6-m/nofp\liblmalloc-musl.a(lite_free.o)
 .debug_ranges  0x00000818       0x10 c:/PROGRA~1/MICROC~1/xc32/v5.00/bin/bin/../../lib/gcc/pic32c/13.2.1/../../../../pic32c/lib/thumb/v6-m/nofp\libg-musl.a(expand_heap.o)
 .debug_ranges  0x00000828       0x20 c:/PROGRA~1/MICROC~1/xc32/v5.00/bin/bin/../../lib/gcc/pic32c/13.2.1/../../../../pic32c/lib/thumb/v6-m/nofp\libpic32c.a(sbrk.o)
 .debug_ranges  0x00000848       0x10 c:/PROGRA~1/MICROC~1/xc32/v5.00/bin/bin/../../lib/gcc/pic32c/13.2.1/../../../../pic32c/lib/thumb/v6-m/nofp\libpic32c.a(pic32_data_init_clear.o)
 .debug_ranges  0x00000858       0x10 c:/PROGRA~1/MICROC~1/xc32/v5.00/bin/bin/../../lib/gcc/pic32c/13.2.1/../../../../pic32c/lib/thumb/v6-m/nofp\libpic32c.a(pic32_data_init_copy.o)

.debug_line     0x00000000     0x81f6
 .debug_line    0x00000000       0xac CMakeFiles/SZEN_PDU_0_1_default_default_XC32_compile.dir/C_/Users/forgi/MPLABProjects/SZEN_PDU_0.1/My_MCC_Config/src/config/default/exceptions.c.o
 .debug_line    0x000000ac      0x61c CMakeFiles/SZEN_PDU_0_1_default_default_XC32_compile.dir/C_/Users/forgi/MPLABProjects/SZEN_PDU_0.1/My_MCC_Config/src/config/default/initialization.c.o
 .debug_line    0x000006c8      0x115 CMakeFiles/SZEN_PDU_0_1_default_default_XC32_compile.dir/C_/Users/forgi/MPLABProjects/SZEN_PDU_0.1/My_MCC_Config/src/config/default/interrupts.c.o
 .debug_line    0x000007dd      0x4d4 CMakeFiles/SZEN_PDU_0_1_default_default_XC32_compile.dir/C_/Users/forgi/MPLABProjects/SZEN_PDU_0.1/My_MCC_Config/src/config/default/peripheral/adc/plib_adc0.c.o
 .debug_line    0x00000cb1      0x4d5 CMakeFiles/SZEN_PDU_0_1_default_default_XC32_compile.dir/C_/Users/forgi/MPLABProjects/SZEN_PDU_0.1/My_MCC_Config/src/config/default/peripheral/adc/plib_adc1.c.o
 .debug_line    0x00001186      0xa0c CMakeFiles/SZEN_PDU_0_1_default_default_XC32_compile.dir/C_/Users/forgi/MPLABProjects/SZEN_PDU_0.1/My_MCC_Config/src/config/default/peripheral/can/plib_can0.c.o
 .debug_line    0x00001b92      0xa0c CMakeFiles/SZEN_PDU_0_1_default_default_XC32_compile.dir/C_/Users/forgi/MPLABProjects/SZEN_PDU_0.1/My_MCC_Config/src/config/default/peripheral/can/plib_can1.c.o
 .debug_line    0x0000259e      0x3a1 CMakeFiles/SZEN_PDU_0_1_default_default_XC32_compile.dir/C_/Users/forgi/MPLABProjects/SZEN_PDU_0.1/My_MCC_Config/src/config/default/peripheral/clock/plib_clock.c.o
 .debug_line    0x0000293f       0x9b CMakeFiles/SZEN_PDU_0_1_default_default_XC32_compile.dir/C_/Users/forgi/MPLABProjects/SZEN_PDU_0.1/My_MCC_Config/src/config/default/peripheral/evsys/plib_evsys.c.o
 .debug_line    0x000029da      0x484 CMakeFiles/SZEN_PDU_0_1_default_default_XC32_compile.dir/C_/Users/forgi/MPLABProjects/SZEN_PDU_0.1/My_MCC_Config/src/config/default/peripheral/nvic/plib_nvic.c.o
 .debug_line    0x00002e5e      0x5a5 CMakeFiles/SZEN_PDU_0_1_default_default_XC32_compile.dir/C_/Users/forgi/MPLABProjects/SZEN_PDU_0.1/My_MCC_Config/src/config/default/peripheral/nvmctrl/plib_nvmctrl.c.o
 .debug_line    0x00003403      0x5a2 CMakeFiles/SZEN_PDU_0_1_default_default_XC32_compile.dir/C_/Users/forgi/MPLABProjects/SZEN_PDU_0.1/My_MCC_Config/src/config/default/peripheral/port/plib_port.c.o
 .debug_line    0x000039a5      0xbc3 CMakeFiles/SZEN_PDU_0_1_default_default_XC32_compile.dir/e00de987e94e93d9f6e23d284cbe55ab/src/config/default/peripheral/sercom/i2c_master/plib_sercom1_i2c_master.c.o
 .debug_line    0x00004568      0x37b CMakeFiles/SZEN_PDU_0_1_default_default_XC32_compile.dir/C_/Users/forgi/MPLABProjects/SZEN_PDU_0.1/My_MCC_Config/src/config/default/peripheral/systick/plib_systick.c.o
 .debug_line    0x000048e3      0x476 CMakeFiles/SZEN_PDU_0_1_default_default_XC32_compile.dir/C_/Users/forgi/MPLABProjects/SZEN_PDU_0.1/My_MCC_Config/src/config/default/peripheral/tc/plib_tc0.c.o
 .debug_line    0x00004d59      0x31a CMakeFiles/SZEN_PDU_0_1_default_default_XC32_compile.dir/C_/Users/forgi/MPLABProjects/SZEN_PDU_0.1/My_MCC_Config/src/config/default/startup_xc32.c.o
 .debug_line    0x00005073      0x108 CMakeFiles/SZEN_PDU_0_1_default_default_XC32_compile.dir/C_/Users/forgi/MPLABProjects/SZEN_PDU_0.1/My_MCC_Config/src/config/default/stdio/xc32_monitor.c.o
 .debug_line    0x0000517b      0x21d CMakeFiles/SZEN_PDU_0_1_default_default_XC32_compile.dir/C_/Users/forgi/MPLABProjects/SZEN_PDU_0.1/My_MCC_Config/src/main.c.o
 .debug_line    0x00005398      0x165 c:/PROGRA~1/MICROC~1/xc32/v5.00/bin/bin/../../lib/gcc/pic32c/13.2.1/../../../../pic32c/lib/thumb/v6-m/nofp\libpic32c.a(data_init.o)
 .debug_line    0x000054fd      0x16c c:/PROGRA~1/MICROC~1/xc32/v5.00/bin/bin/../../lib/gcc/pic32c/13.2.1/../../../../pic32c/lib/thumb/v6-m/nofp\libc-size-musl.a(memcpy.o)
 .debug_line    0x00005669      0x1cb c:/PROGRA~1/MICROC~1/xc32/v5.00/bin/bin/../../lib/gcc/pic32c/13.2.1/../../../../pic32c/lib/thumb/v6-m/nofp\libg-musl.a(__libc_start_main.o)
 .debug_line    0x00005834       0xb5 c:/PROGRA~1/MICROC~1/xc32/v5.00/bin/bin/../../lib/gcc/pic32c/13.2.1/../../../../pic32c/lib/thumb/v6-m/nofp\libg-musl.a(libc.o)
 .debug_line    0x000058e9      0x215 c:/PROGRA~1/MICROC~1/xc32/v5.00/bin/bin/../../lib/gcc/pic32c/13.2.1/../../../../pic32c/lib/thumb/v6-m/nofp\libg-musl.a(stdin.o)
 .debug_line    0x00005afe      0x1df c:/PROGRA~1/MICROC~1/xc32/v5.00/bin/bin/../../lib/gcc/pic32c/13.2.1/../../../../pic32c/lib/thumb/v6-m/nofp\libg-musl.a(stdout.o)
 .debug_line    0x00005cdd      0x14a c:/PROGRA~1/MICROC~1/xc32/v5.00/bin/bin/../../lib/gcc/pic32c/13.2.1/../../../../pic32c/lib/thumb/v6-m/nofp\libg-musl.a(setbuf.o)
 .debug_line    0x00005e27       0xfb c:/PROGRA~1/MICROC~1/xc32/v5.00/bin/bin/../../lib/gcc/pic32c/13.2.1/../../../../pic32c/lib/thumb/v6-m/nofp\libg-musl.a(__environ.o)
 .debug_line    0x00005f22      0x255 c:/PROGRA~1/MICROC~1/xc32/v5.00/bin/bin/../../lib/gcc/pic32c/13.2.1/../../../../pic32c/lib/thumb/v6-m/nofp\libg-musl.a(__stdio_read.o)
 .debug_line    0x00006177      0x1ef c:/PROGRA~1/MICROC~1/xc32/v5.00/bin/bin/../../lib/gcc/pic32c/13.2.1/../../../../pic32c/lib/thumb/v6-m/nofp\libg-musl.a(__towrite_rw.o)
 .debug_line    0x00006366      0x21f c:/PROGRA~1/MICROC~1/xc32/v5.00/bin/bin/../../lib/gcc/pic32c/13.2.1/../../../../pic32c/lib/thumb/v6-m/nofp\libg-musl.a(setvbuf.o)
 .debug_line    0x00006585      0x177 c:/PROGRA~1/MICROC~1/xc32/v5.00/bin/bin/../../lib/gcc/pic32c/13.2.1/../../../../pic32c/lib/thumb/v6-m/nofp\libg-musl.a(readv.o)
 .debug_line    0x000066fc       0xd0 c:/PROGRA~1/MICROC~1/xc32/v5.00/bin/bin/../../lib/gcc/pic32c/13.2.1/../../../../pic32c/lib/thumb/v6-m/nofp\libg-musl.a(__init_stdio.o)
 .debug_line    0x000067cc      0x228 c:/PROGRA~1/MICROC~1/xc32/v5.00/bin/bin/../../lib/gcc/pic32c/13.2.1/../../../../pic32c/lib/thumb/v6-m/nofp\libg-musl.a(__out.o)
 .debug_line    0x000069f4      0x1c3 c:/PROGRA~1/MICROC~1/xc32/v5.00/bin/bin/../../lib/gcc/pic32c/13.2.1/../../../../pic32c/lib/thumb/v6-m/nofp\libg-musl.a(__stderr.o)
 .debug_line    0x00006bb7      0x30c c:/PROGRA~1/MICROC~1/xc32/v5.00/bin/bin/../../lib/gcc/pic32c/13.2.1/../../../../pic32c/lib/thumb/v6-m/nofp\libg-musl.a(__stdio_close.o)
 .debug_line    0x00006ec3      0x38d c:/PROGRA~1/MICROC~1/xc32/v5.00/bin/bin/../../lib/gcc/pic32c/13.2.1/../../../../pic32c/lib/thumb/v6-m/nofp\libg-musl.a(__stdio_write.o)
 .debug_line    0x00007250      0x1c3 c:/PROGRA~1/MICROC~1/xc32/v5.00/bin/bin/../../lib/gcc/pic32c/13.2.1/../../../../pic32c/lib/thumb/v6-m/nofp\libg-musl.a(__stdout.o)
 .debug_line    0x00007413      0x184 c:/PROGRA~1/MICROC~1/xc32/v5.00/bin/bin/../../lib/gcc/pic32c/13.2.1/../../../../pic32c/lib/thumb/v6-m/nofp\libg-musl.a(__towrite.o)
 .debug_line    0x00007597      0x178 c:/PROGRA~1/MICROC~1/xc32/v5.00/bin/bin/../../lib/gcc/pic32c/13.2.1/../../../../pic32c/lib/thumb/v6-m/nofp\libg-musl.a(writev.o)
 .debug_line    0x0000770f       0x71 c:/PROGRA~1/MICROC~1/xc32/v5.00/bin/bin/../../lib/gcc/pic32c/13.2.1/../../../../pic32c/lib/thumb/v6-m/nofp\libpic32c.a(close.o)
 .debug_line    0x00007780       0x6b c:/PROGRA~1/MICROC~1/xc32/v5.00/bin/bin/../../lib/gcc/pic32c/13.2.1/../../../../pic32c/lib/thumb/v6-m/nofp\libpic32c.a(lseek.o)
 .debug_line    0x000077eb      0x1dc c:/PROGRA~1/MICROC~1/xc32/v5.00/bin/bin/../../lib/gcc/pic32c/13.2.1/../../../../pic32c/lib/thumb/v6-m/nofp\liblmalloc-musl.a(lite_malloc.o)
 .debug_line    0x000079c7      0x295 c:/PROGRA~1/MICROC~1/xc32/v5.00/bin/bin/../../lib/gcc/pic32c/13.2.1/../../../../pic32c/lib/thumb/v6-m/nofp\liblmalloc-musl.a(lite_free.o)
 .debug_line    0x00007c5c       0x9a c:/PROGRA~1/MICROC~1/xc32/v5.00/bin/bin/../../lib/gcc/pic32c/13.2.1/../../../../pic32c/lib/thumb/v6-m/nofp\libg-musl.a(__errno_location.o)
 .debug_line    0x00007cf6       0xf0 c:/PROGRA~1/MICROC~1/xc32/v5.00/bin/bin/../../lib/gcc/pic32c/13.2.1/../../../../pic32c/lib/thumb/v6-m/nofp\libg-musl.a(expand_heap.o)
 .debug_line    0x00007de6      0x1bc c:/PROGRA~1/MICROC~1/xc32/v5.00/bin/bin/../../lib/gcc/pic32c/13.2.1/../../../../pic32c/lib/thumb/v6-m/nofp\libpic32c.a(sbrk.o)
 .debug_line    0x00007fa2      0x11e c:/PROGRA~1/MICROC~1/xc32/v5.00/bin/bin/../../lib/gcc/pic32c/13.2.1/../../../../pic32c/lib/thumb/v6-m/nofp\libpic32c.a(pic32_data_init_clear.o)
 .debug_line    0x000080c0      0x136 c:/PROGRA~1/MICROC~1/xc32/v5.00/bin/bin/../../lib/gcc/pic32c/13.2.1/../../../../pic32c/lib/thumb/v6-m/nofp\libpic32c.a(pic32_data_init_copy.o)

.debug_str      0x00000000     0x50d3
 .debug_str     0x00000000     0x50d3 CMakeFiles/SZEN_PDU_0_1_default_default_XC32_compile.dir/C_/Users/forgi/MPLABProjects/SZEN_PDU_0.1/My_MCC_Config/src/config/default/exceptions.c.o
                                0x319 (size before relaxing)
 .debug_str     0x000050d3      0x5a9 CMakeFiles/SZEN_PDU_0_1_default_default_XC32_compile.dir/C_/Users/forgi/MPLABProjects/SZEN_PDU_0.1/My_MCC_Config/src/config/default/initialization.c.o
 .debug_str     0x000050d3      0x6e8 CMakeFiles/SZEN_PDU_0_1_default_default_XC32_compile.dir/C_/Users/forgi/MPLABProjects/SZEN_PDU_0.1/My_MCC_Config/src/config/default/interrupts.c.o
 .debug_str     0x000050d3      0x849 CMakeFiles/SZEN_PDU_0_1_default_default_XC32_compile.dir/C_/Users/forgi/MPLABProjects/SZEN_PDU_0.1/My_MCC_Config/src/config/default/peripheral/adc/plib_adc0.c.o
 .debug_str     0x000050d3      0x849 CMakeFiles/SZEN_PDU_0_1_default_default_XC32_compile.dir/C_/Users/forgi/MPLABProjects/SZEN_PDU_0.1/My_MCC_Config/src/config/default/peripheral/adc/plib_adc1.c.o
 .debug_str     0x000050d3      0xeef CMakeFiles/SZEN_PDU_0_1_default_default_XC32_compile.dir/C_/Users/forgi/MPLABProjects/SZEN_PDU_0.1/My_MCC_Config/src/config/default/peripheral/can/plib_can0.c.o
 .debug_str     0x000050d3      0xeef CMakeFiles/SZEN_PDU_0_1_default_default_XC32_compile.dir/C_/Users/forgi/MPLABProjects/SZEN_PDU_0.1/My_MCC_Config/src/config/default/peripheral/can/plib_can1.c.o
 .debug_str     0x000050d3      0x699 CMakeFiles/SZEN_PDU_0_1_default_default_XC32_compile.dir/C_/Users/forgi/MPLABProjects/SZEN_PDU_0.1/My_MCC_Config/src/config/default/peripheral/clock/plib_clock.c.o
 .debug_str     0x000050d3      0x306 CMakeFiles/SZEN_PDU_0_1_default_default_XC32_compile.dir/C_/Users/forgi/MPLABProjects/SZEN_PDU_0.1/My_MCC_Config/src/config/default/peripheral/evsys/plib_evsys.c.o
 .debug_str     0x000050d3      0x6c6 CMakeFiles/SZEN_PDU_0_1_default_default_XC32_compile.dir/C_/Users/forgi/MPLABProjects/SZEN_PDU_0.1/My_MCC_Config/src/config/default/peripheral/nvic/plib_nvic.c.o
 .debug_str     0x000050d3      0x6c0 CMakeFiles/SZEN_PDU_0_1_default_default_XC32_compile.dir/C_/Users/forgi/MPLABProjects/SZEN_PDU_0.1/My_MCC_Config/src/config/default/peripheral/nvmctrl/plib_nvmctrl.c.o
 .debug_str     0x000050d3      0x8e4 CMakeFiles/SZEN_PDU_0_1_default_default_XC32_compile.dir/C_/Users/forgi/MPLABProjects/SZEN_PDU_0.1/My_MCC_Config/src/config/default/peripheral/port/plib_port.c.o
 .debug_str     0x000050d3      0xa0a CMakeFiles/SZEN_PDU_0_1_default_default_XC32_compile.dir/e00de987e94e93d9f6e23d284cbe55ab/src/config/default/peripheral/sercom/i2c_master/plib_sercom1_i2c_master.c.o
 .debug_str     0x000050d3      0x463 CMakeFiles/SZEN_PDU_0_1_default_default_XC32_compile.dir/C_/Users/forgi/MPLABProjects/SZEN_PDU_0.1/My_MCC_Config/src/config/default/peripheral/systick/plib_systick.c.o
 .debug_str     0x000050d3      0x623 CMakeFiles/SZEN_PDU_0_1_default_default_XC32_compile.dir/C_/Users/forgi/MPLABProjects/SZEN_PDU_0.1/My_MCC_Config/src/config/default/peripheral/tc/plib_tc0.c.o
 .debug_str     0x000050d3      0x41c CMakeFiles/SZEN_PDU_0_1_default_default_XC32_compile.dir/C_/Users/forgi/MPLABProjects/SZEN_PDU_0.1/My_MCC_Config/src/config/default/startup_xc32.c.o
 .debug_str     0x000050d3      0x2b4 CMakeFiles/SZEN_PDU_0_1_default_default_XC32_compile.dir/C_/Users/forgi/MPLABProjects/SZEN_PDU_0.1/My_MCC_Config/src/config/default/stdio/xc32_monitor.c.o
 .debug_str     0x000050d3      0x3f7 CMakeFiles/SZEN_PDU_0_1_default_default_XC32_compile.dir/C_/Users/forgi/MPLABProjects/SZEN_PDU_0.1/My_MCC_Config/src/main.c.o
 .debug_str     0x000050d3      0x2ef c:/PROGRA~1/MICROC~1/xc32/v5.00/bin/bin/../../lib/gcc/pic32c/13.2.1/../../../../pic32c/lib/thumb/v6-m/nofp\libpic32c.a(data_init.o)
 .debug_str     0x000050d3      0x238 c:/PROGRA~1/MICROC~1/xc32/v5.00/bin/bin/../../lib/gcc/pic32c/13.2.1/../../../../pic32c/lib/thumb/v6-m/nofp\libc-size-musl.a(memcpy.o)
 .debug_str     0x000050d3      0x3dd c:/PROGRA~1/MICROC~1/xc32/v5.00/bin/bin/../../lib/gcc/pic32c/13.2.1/../../../../pic32c/lib/thumb/v6-m/nofp\libg-musl.a(__libc_start_main.o)
 .debug_str     0x000050d3      0x348 c:/PROGRA~1/MICROC~1/xc32/v5.00/bin/bin/../../lib/gcc/pic32c/13.2.1/../../../../pic32c/lib/thumb/v6-m/nofp\libg-musl.a(libc.o)
 .debug_str     0x000050d3      0x394 c:/PROGRA~1/MICROC~1/xc32/v5.00/bin/bin/../../lib/gcc/pic32c/13.2.1/../../../../pic32c/lib/thumb/v6-m/nofp\libg-musl.a(stdin.o)
 .debug_str     0x000050d3      0x31b c:/PROGRA~1/MICROC~1/xc32/v5.00/bin/bin/../../lib/gcc/pic32c/13.2.1/../../../../pic32c/lib/thumb/v6-m/nofp\libg-musl.a(stdout.o)
 .debug_str     0x000050d3      0x24e c:/PROGRA~1/MICROC~1/xc32/v5.00/bin/bin/../../lib/gcc/pic32c/13.2.1/../../../../pic32c/lib/thumb/v6-m/nofp\libg-musl.a(setbuf.o)
 .debug_str     0x000050d3      0x248 c:/PROGRA~1/MICROC~1/xc32/v5.00/bin/bin/../../lib/gcc/pic32c/13.2.1/../../../../pic32c/lib/thumb/v6-m/nofp\libg-musl.a(__environ.o)
 .debug_str     0x000050d3      0x375 c:/PROGRA~1/MICROC~1/xc32/v5.00/bin/bin/../../lib/gcc/pic32c/13.2.1/../../../../pic32c/lib/thumb/v6-m/nofp\libg-musl.a(__stdio_read.o)
 .debug_str     0x000050d3      0x350 c:/PROGRA~1/MICROC~1/xc32/v5.00/bin/bin/../../lib/gcc/pic32c/13.2.1/../../../../pic32c/lib/thumb/v6-m/nofp\libg-musl.a(__towrite_rw.o)
 .debug_str     0x000050d3      0x33c c:/PROGRA~1/MICROC~1/xc32/v5.00/bin/bin/../../lib/gcc/pic32c/13.2.1/../../../../pic32c/lib/thumb/v6-m/nofp\libg-musl.a(setvbuf.o)
 .debug_str     0x000050d3      0x276 c:/PROGRA~1/MICROC~1/xc32/v5.00/bin/bin/../../lib/gcc/pic32c/13.2.1/../../../../pic32c/lib/thumb/v6-m/nofp\libg-musl.a(readv.o)
 .debug_str     0x000050d3      0x2ad c:/PROGRA~1/MICROC~1/xc32/v5.00/bin/bin/../../lib/gcc/pic32c/13.2.1/../../../../pic32c/lib/thumb/v6-m/nofp\libg-musl.a(__init_stdio.o)
 .debug_str     0x000050d3      0x2f5 c:/PROGRA~1/MICROC~1/xc32/v5.00/bin/bin/../../lib/gcc/pic32c/13.2.1/../../../../pic32c/lib/thumb/v6-m/nofp\libg-musl.a(__out.o)
 .debug_str     0x000050d3      0x3aa c:/PROGRA~1/MICROC~1/xc32/v5.00/bin/bin/../../lib/gcc/pic32c/13.2.1/../../../../pic32c/lib/thumb/v6-m/nofp\libg-musl.a(__stderr.o)
 .debug_str     0x000050d3      0x370 c:/PROGRA~1/MICROC~1/xc32/v5.00/bin/bin/../../lib/gcc/pic32c/13.2.1/../../../../pic32c/lib/thumb/v6-m/nofp\libg-musl.a(__stdio_close.o)
 .debug_str     0x000050d3      0x359 c:/PROGRA~1/MICROC~1/xc32/v5.00/bin/bin/../../lib/gcc/pic32c/13.2.1/../../../../pic32c/lib/thumb/v6-m/nofp\libg-musl.a(__stdio_write.o)
 .debug_str     0x000050d3      0x3aa c:/PROGRA~1/MICROC~1/xc32/v5.00/bin/bin/../../lib/gcc/pic32c/13.2.1/../../../../pic32c/lib/thumb/v6-m/nofp\libg-musl.a(__stdout.o)
 .debug_str     0x000050d3      0x2fc c:/PROGRA~1/MICROC~1/xc32/v5.00/bin/bin/../../lib/gcc/pic32c/13.2.1/../../../../pic32c/lib/thumb/v6-m/nofp\libg-musl.a(__towrite.o)
 .debug_str     0x000050d3      0x279 c:/PROGRA~1/MICROC~1/xc32/v5.00/bin/bin/../../lib/gcc/pic32c/13.2.1/../../../../pic32c/lib/thumb/v6-m/nofp\libg-musl.a(writev.o)
 .debug_str     0x000050d3      0x20f c:/PROGRA~1/MICROC~1/xc32/v5.00/bin/bin/../../lib/gcc/pic32c/13.2.1/../../../../pic32c/lib/thumb/v6-m/nofp\libpic32c.a(close.o)
 .debug_str     0x000050d3      0x25a c:/PROGRA~1/MICROC~1/xc32/v5.00/bin/bin/../../lib/gcc/pic32c/13.2.1/../../../../pic32c/lib/thumb/v6-m/nofp\libpic32c.a(lseek.o)
 .debug_str     0x000050d3      0x312 c:/PROGRA~1/MICROC~1/xc32/v5.00/bin/bin/../../lib/gcc/pic32c/13.2.1/../../../../pic32c/lib/thumb/v6-m/nofp\liblmalloc-musl.a(lite_malloc.o)
 .debug_str     0x000050d3      0x314 c:/PROGRA~1/MICROC~1/xc32/v5.00/bin/bin/../../lib/gcc/pic32c/13.2.1/../../../../pic32c/lib/thumb/v6-m/nofp\liblmalloc-musl.a(lite_free.o)
 .debug_str     0x000050d3      0x23c c:/PROGRA~1/MICROC~1/xc32/v5.00/bin/bin/../../lib/gcc/pic32c/13.2.1/../../../../pic32c/lib/thumb/v6-m/nofp\libg-musl.a(__errno_location.o)
 .debug_str     0x000050d3      0x2b8 c:/PROGRA~1/MICROC~1/xc32/v5.00/bin/bin/../../lib/gcc/pic32c/13.2.1/../../../../pic32c/lib/thumb/v6-m/nofp\libg-musl.a(expand_heap.o)
 .debug_str     0x000050d3      0x2bc c:/PROGRA~1/MICROC~1/xc32/v5.00/bin/bin/../../lib/gcc/pic32c/13.2.1/../../../../pic32c/lib/thumb/v6-m/nofp\libpic32c.a(sbrk.o)
 .debug_str     0x000050d3      0x280 c:/PROGRA~1/MICROC~1/xc32/v5.00/bin/bin/../../lib/gcc/pic32c/13.2.1/../../../../pic32c/lib/thumb/v6-m/nofp\libpic32c.a(pic32_data_init_clear.o)
 .debug_str     0x000050d3      0x287 c:/PROGRA~1/MICROC~1/xc32/v5.00/bin/bin/../../lib/gcc/pic32c/13.2.1/../../../../pic32c/lib/thumb/v6-m/nofp\libpic32c.a(pic32_data_init_copy.o)

.debug_frame    0x00000000     0x1198
 .debug_frame   0x00000000       0x30 CMakeFiles/SZEN_PDU_0_1_default_default_XC32_compile.dir/C_/Users/forgi/MPLABProjects/SZEN_PDU_0.1/My_MCC_Config/src/config/default/exceptions.c.o
 .debug_frame   0x00000030       0x28 CMakeFiles/SZEN_PDU_0_1_default_default_XC32_compile.dir/C_/Users/forgi/MPLABProjects/SZEN_PDU_0.1/My_MCC_Config/src/config/default/initialization.c.o
 .debug_frame   0x00000058       0x38 CMakeFiles/SZEN_PDU_0_1_default_default_XC32_compile.dir/C_/Users/forgi/MPLABProjects/SZEN_PDU_0.1/My_MCC_Config/src/config/default/interrupts.c.o
 .debug_frame   0x00000090       0xe0 CMakeFiles/SZEN_PDU_0_1_default_default_XC32_compile.dir/C_/Users/forgi/MPLABProjects/SZEN_PDU_0.1/My_MCC_Config/src/config/default/peripheral/adc/plib_adc0.c.o
 .debug_frame   0x00000170       0xe0 CMakeFiles/SZEN_PDU_0_1_default_default_XC32_compile.dir/C_/Users/forgi/MPLABProjects/SZEN_PDU_0.1/My_MCC_Config/src/config/default/peripheral/adc/plib_adc1.c.o
 .debug_frame   0x00000250      0x17c CMakeFiles/SZEN_PDU_0_1_default_default_XC32_compile.dir/C_/Users/forgi/MPLABProjects/SZEN_PDU_0.1/My_MCC_Config/src/config/default/peripheral/can/plib_can0.c.o
 .debug_frame   0x000003cc      0x17c CMakeFiles/SZEN_PDU_0_1_default_default_XC32_compile.dir/C_/Users/forgi/MPLABProjects/SZEN_PDU_0.1/My_MCC_Config/src/config/default/peripheral/can/plib_can1.c.o